NO
NO
YES
140
NO
YES
1 2 3 4 5 8 10 14 16 18 19 20 21 22 23 25 28 29 31 34 35 36 37 39 40 41 42 45 80
NO
NO
NO
YES
1 2 3 5 6 7 8 9 10 12 13 14 16 18 20 21 23 24 25 65
NO
YES
1 3 7 11 13 14 15 16 19 22 23 24 25 26 27 31 172
NO
NO
YES
20
NO
NO
NO
YES
2 5 6 9 11 12 15 17 19 40
NO
NO
NO
NO
NO
NO
NO
YES
20
YES
1 6 7 12 15 21 22 24 25 27 30 32 33 36 37 38 39 40 42 43 45 47 51 188
NO
YES
1 3 40
YES
1 4 6 7 20
YES
44
YES
1 2 3 5 11 12 14 16 17 18 19 20 21 24 26 27 28 32 34 35 36 37 38 40 164
NO
NO
YES
1 2 4 6 7 20
YES
1 2 3 7 9 11 12 15 18 20
NO
NO
NO
YES
1 2 3 4 5 6 51
YES
3 4 6 8 9 11 12 15 134
NO
NO
NO
YES
2 4 6 9 10 11 12 19 21 22 23 24 26 28 33 35 37 38 39 40 42 43 44 45 46 47 48 49 50 51 52 54 58 60 62 66 68 69 70 71 72 73 78 80 81 82 83 84 85 90 96 98 99 100 101 102 103 104 108 109 110 111 112 114 115 117 120 121 124 125 140
NO
NO
NO
NO
NO
NO
NO
YES
4 6 9 11 20
NO
YES
1 2 4 5 10 11 12 14 15 17 19 20 21 22 24 28 37 38 42 45 49 53 54 56 57 58 63 64 66 69 72 73 74 80 81 84 86 87 88 89 92 93 94 95 97 98 100 104 106 107 110 112 114 116 117 119 120 121 122 128 130 132 135 136 137 138 142 143 144 145 146 147 149 150 153 154 155 156 157 160 161 164 168 169 170 171 173 176 180
YES
56
NO
NO
YES
3 5 8 9 11 12 13 16 17 19 22 23 25 26 27 28 31 33 34 36 37 39 44 45 47 49 50 51 52 53 55 56 59 62 63 66 69 73 80 81 84 85 86 89 164
NO
YES
1 2 3 5 7 8 10 12 15 16 17 18 20 22 26 29 33 34 35 41 42 44 47 48 49 51 54 57 58 60 61 62 65 67 70 71 116
NO
NO
NO
NO
NO
NO
NO
YES
20
NO
NO
NO
YES
44
NO
NO
YES
160
NO
NO
NO
YES
3 4 5 6 8 9 11 12 13 14 16 18 19 20 21 22 25 26 28 29 30 33 34 35 36 37 39 41 42 43 46 47 49 50 54 55 58 59 60 63 64 66 67 69 72 73 76 77 100
YES
3 4 5 9 11 13 14 15 17 18 20
NO
NO
YES
26
NO
YES
2 4 5 6 7 8 9 10 11 13 14 15 18 19 21 23 26 28 30 31 32 33 35 39 41 42 43 44 46 48 49 51 53 54 57 61 62 65 66 68 100
NO
NO
NO
YES
1 3 5 8 11 14 15 17 23 24 25 27 29 30 31 37 40
NO
NO
NO
NO
NO
YES
1 20
NO
NO
YES
20
NO
NO
NO
NO
YES
6 7 9 14 16 17 19 22 23 26 27 28 29 31 34 35 36 37 38 39 41 42 43 44 45 47 74
NO
NO
YES
1 2 3 4 5 7 8 10 11 13 14 15 16 17 21 22 23 26 30 33 35 36 39 40 41 43 44 45 50 52 54 60 71 72 74 78 80 81 91 92 94 99 102 103 105 106 128
NO
NO
NO
YES
4 6 15 18 56
NO
NO
YES
182
NO
NO
NO
NO
NO
NO
YES
1 2 3 7 9 13 16 17 18 22 26 27 29 32 38 39 40 45 47 48 49 51 56 57 59 61 62 63 69 72 74 75 76 78 80 81 84 85 88 89 91 92 94 98 99 103 104 110 111 113 114 121 122 123 124 125 127 128 129 130 131 134 136 137 139 140 141 142 164
NO
NO
NO
NO
NO
NO
YES
65
NO
YES
3 5 6 7 8 9 12 17 18 20 21 23 28 30 33 35 40 44 45 46 50 51 52 53 54 58 59 61 64 65 66 68 69 72 76 78 79 86 88 89 104
YES
1 2 3 7 10 11 12 13 14 15 16 18 20
NO
NO
NO
NO
YES
128
NO
NO
NO
NO
YES
1 3 4 5 6 7 12 14 18 19 27 31 33 35 37 41 42 43 46 48 49 50 51 54 56 57 58 61 62 64 65 66 68 72 78 79 92
YES
3 7 15 16 20
YES
20
YES
2 4 6 8 9 12 15 17 21 22 25 26 27 28 29 30 32 33 34 35 38 39 40 42 44 45 46 47 48 49 50 52 54 56 57 59 60 62 63 65 67 69 70 75 78 81 82 83 84 91 92 93 116
YES
20
NO
YES
20
NO
NO
NO
NO
NO
NO
YES
2 3 4 7 9 10 11 12 16 21 23 24 25 26 29 31 34 35 36 38 39 40 43 44 46 52 53 54 55 58 59 60 61 62 65 70 180
NO
NO
NO
NO
NO
NO
YES
20
YES
1 2 3 4 20
NO
NO
YES
44
NO
YES
80
NO
NO
YES
1 2 3 4 5 6 10 11 12 13 14 16 17 20 25 26 29 30 31 32 40
NO
NO
YES
140
YES
1 3 5 6 7 8 9 10 12 14 15 16 20
YES
184
NO
YES
7 8 9 10 20
YES
2 4 5 6 7 8 10 12 13 15 17 20 22 23 26 27 56
NO
YES
2 3 6 9 10 11 14 15 20 22 25 26 28 30 32 33 34 35 36 39 40 41 43 44 45 46 50 51 52 53 55 57 58 59 60 65 66 68 69 72 74 75 76 77 78 80 81 82 83 84 110
NO
NO
NO
NO
YES
128
YES
2 3 4 5 6 7 8 10 11 12 15 17 18 19 20 21 22 24 28 33 36 38 39 43 44 45 47 48 49 50 55 56 57 61 63 65 66 68 69 71 74 75 77 81 85 86 89 90 100
YES
4 5 7 9 12 13 15 16 17 20
NO
YES
56
NO
YES
2 4 5 6 8 9 10 11 12 14 16 19 20 25 27 30 31 32 37 39 40 41 42 43 44 45 46 47 49 54 56 58 59 60 62 65 71 72 104
NO
NO
NO
YES
1 5 7 10 11 12 15 16 18 19 20 22 23 24 25 28 30 32 33 34 36 39 40 41 56
NO
NO
NO
NO
NO
YES
180
NO
NO
YES
110
YES
1 3 6 7 8 10 13 14 16 19 20 21 68
YES
1 2 4 5 7 10 12 13 15 16 20
NO
YES
1 2 3 6 10 12 13 16 17 18 21 22 26 28 32 33 38 39 40 43 44 46 55 56 57 58 59 61 62 64 65 73 80
NO
NO
NO
NO
NO
NO
NO
NO
YES
1 2 3 4 5 6 7 8 11 12 13 15 16 18 20 21 22 26 31 32 33 39 41 42 44 45 47 48 49 53 54 55 56 60 61 62 63 65 67 70 73 76 78 81 83 87 89 92 93 95 96 97 98 103 104 107 110 111 112 114 122 123 124 125 176
NO
NO
NO
NO
NO
NO
NO
NO
YES
5 8 10 14 16 17 18 21 22 23 24 25 26 27 33 36 37 39 42 46 49 51 55 56 58 64 110
NO
YES
80
YES
2 3 6 8 9 12 13 14 19 20 21 25 26 34 35 37 38 40 42 43 44 47 48 49 53 54 56 57 59 61 62 63 80
NO
YES
182
NO
NO
YES
1 2 3 5 6 10 12 14 16 17 19 21 100
NO
YES
1 2 4 5 6 7 8 9 11 13 15 16 18 19 20 21 24 28 30 32 34 36 37 39 43 49 50 51 68
NO
NO
