6
490
475
6
59
404
498
86
2
399
64
61
134
267
44
411
45
434
475
16
17
403
364
492
147
483
30
290
494
63
363
427
387
439
210
53
242
381
517
198
3
472
11
535
451
6
23
508
425
375
11
98
519
437
259
4
492
436
385
107
485
339
394
476
253
19
41
233
363
336
328
466
465
91
183
471
338
422
445
397
440
373
187
350
30
281
96
70
424
284
29
395
415
387
475
105
183
71
425
396
79
424
93
65
135
79
327
477
167
421
463
18
25
468
447
156
435
413
398
436
15
1
375
481
272
411
269
87
366
327
3
525
199
23
445
