64
192
128
64
12
32
64
144
8
48
32
2560
128
512
640
336
240
192
80
16
256
192
132
32
48
768
64
192
128
48
16
120
80
256
48
1280
40
192
192
576
160
224
32
32
192
48
256
96
512
128
64
32
64
256
256
5376
288
96
128
384
960
192
72
32
64
216
960
64
64
256
64
64
384
32
64
32
128
1024
96
800
384
4032
32
48
