672
192
768
48
64
128
96
64
256
768
256
576
32
320
48
32
64
32
192
128
16
4
576
640
64
80
128
96
1024
2048
192
512
192
32
8
56
128
1024
128
288
384
384
160
48
80
24
48
16
224
3072
32
512
128
576
384
192
128
32
64
128
512
288
384
96
32
8
288
32
288
160
48
4608
120
96
32
160
176
128
960
48
24
640
64
192
8
256
64
64
576
192
84
256
192
64
96
48
32
384
144
432
