45 32090
22550 9540 
18255 13835 
18489 13601 
1661 30429 
29808 2282 
21414 10676 
5835 26255 
25832 6258 
6874 25216 
28315 3775 
26821 5269 
5093 26997 
3491 28599 
27601 4489 
18942 13148 
12625 19465 
8958 23132 
23416 8674 
6081 26009 
2284 29806 
13837 18253 
10046 22044 
11321 20769 
4059 28031 
31132 958 
8812 23278 
15748 16342 
2361 29729 
6182 25908 
23608 8482 
16905 15185 
18363 13727 
21948 10142 
18787 13303 
23946 8144 
24341 7749 
31774 316 
29217 2873 
29242 2848 
4875 27215 
25311 6779 
20747 11343 
9865 22225 
2841 29249 
10059 22031 
