-9
12
8
-4
-8
8
-4
-8
-13
5
-12
4
11
0
4
-13
4
3
-4
-10
-6
-4
-5
0
8
7
-12
-4
-13
-12
-4
5
8
-12
-8
-5
-12
13
-13
-13
-9
-5
13
-3
-12
-10
-10
-8
-10
11
-4
-4
4
-3
-4
3
-2
-8
-12
-4
-5
-2
-2
-5
-10
-13
-5
-12
-5
-13
1
4
-1
11
8
-6
-12
4
-13
-4
7
-12
4
-1
-9
-5
3
-6
-3
-3
4
-2
1
0
-12
-5
-8
12
-4
-12
-5
-1
-5
9
-6
-4
-4
0
-2
-8
-13
0
-6
-2
0
4
0
-4
-5
-2
0
0
-9
-13
-10
-2
9
-5
-4
-8
8
0
7
7
-12
-12
4
3
-4
-4
0
-1
-2
1
-9
13
-2
-13
-4
-12
-4
-2
-3
-4
-8
0
-2
-4
8
11
-4
-5
-2
13
-13
-3
-13
0
-1
-6
-13
8
0
4
-6
-4
13
-11
8
-6
4
0
-9
-12
4
-4
0
-9
4
-13
-12
-10
-4
-3
9
-6
0
1
0
-11
-2
7
-12
0
-6
8
-5
-12
-2
4
0
-4
3
8
0
-13
4
-10
-13
3
-12
-4
-5
-2
-9
-4
8
-12
-12
4
7
-10
-13
-4
-5
-13
-4
0
0
4
12
-12
0
4
11
-8
13
9
-6
3
-9
-5
12
-4
-6
9
-3
-4
-13
-13
-4
-6
-3
9
-2
0
-4
-12
-13
-13
-13
-5
-12
-12
-5
4
0
-12
-1
-8
-9
0
-9
-8
-13
12
-9
0
-5
-5
-1
1
-4

