22
248
187
14
255
34
21
10
67
84
70
257
175
194
177
19
193
229
249
231
60
225
190
237
245
169
4
237
156
236
183
75
5
57
223
31
218
217
174
240
223
109
50
59
134
41
225
205
134
196
101
49
191
29
182
46
220
229
147
189
19
215
84
14
166
68
171
125
59
221
242
55
86
204
30
173
205
233
113
192
236
50
202
28
94
197
215
2
186
221
233
74
5
231
112
180
186
180
9
73
26
28
39
238
247
1
1
193
30
177
119
72
213
61
20
5
184
212
4
209
236
167
223
9
257
252
227
56
56
179
192
196
