11 12 14 16 21 23 25 27 32 38 41 45 49 52 54 56 58 61 65 72 78 83 85 87 94 
