192
320
32
960
1024
768
96
64
384
144
48
192
256
128
120
128
384
8
96
320
32
384
64
32
192
256
768
20
96
192
64
128
640
16
48
48
80
80
80
960
144
48
64
192
96
24
96
96
64
768
24
144
32
8
240
64
96
384
160
48
16
32
48
16
64
88
160
72
384
128
288
480
192
32
192
64
112
128
256
1120
64
64
128
768
320
32
32
160
128
64
48
192
128
256
256
64
96
240
64
768
