375
135
91
9
466
474
47
53
1
373
369
446
371
406
455
178
429
414
62
290
82
114
472
124
136
26
358
124
511
402
405
24
298
381
69
83
471
2
179
3
4
4
149
460
399
206
423
390
492
201
384
108
1
148
13
343
391
252
475
467
121
376
383
186
341
426
394
394
1
480
386
320
392
1
459
53
28
366
384
416
48
68
535
6
22
355
40
226
100
29
529
493
135
356
4
369
338
131
46
250
17
476
246
349
98
92
55
276
462
307
9
383
467
478
260
42
375
83
474
481
343
263
470
275
412
430
105
1
405
