DA
NE
DA
DA
DA
DA
DA
NE
DA
DA
DA
DA
NE
DA
DA
DA
DA
DA
DA
DA
DA
NE
DA
NE
DA
DA
DA
DA
NE
DA
NE
DA
DA
DA
DA
DA
DA
NE
DA
DA
DA
NE
DA
DA
DA
DA
DA
NE
DA
DA
