14
12
3
10
14
8
3
3
12
5
12
7
8
15
8
11
10
15
15
13
6
4
5
14
14
6
11
10
12
7
7
2
9
8
15
12
12
13
9
12
13
8
8
15
15
8
5
2
4
11
7
11
2
9
12
2
4
11
8
14
12
13
12
3
14
9
12
8
8
13
2
3
8
9
10
11
14
15
8
3
15
12
8
13
4
9
3
5
8
9
13
10
3
14
8
6
13
10
12
7
9
11
15
13
14
7
8
4
10
8
4
2
15
13
12
8
8
4
14
8
2
10
8
11
3
8
15
9
5
15
8
8
5
14
3
7
7
13
5
13
3
7
10
13
1
15
8
3
14
10
7
4
13
10
9
8
14
2
5
4
14
13
13
7
9
3
15
14
10
15
12
14
11
15
1
11
12
9
4
14
9
3
3
8
1
8
14
14
8
4
15
11
6
1
4
8
3
15
11
14
11
9
11
8
13
11
10
8
9
15
14
9
4
10
6
9
10
7
4
8
11
8
12
15
15
11
2
15
2
15
2
15
12
13
13
9
5
15
11
14
8
11
6
10
13
14
13
4
13
13
11
7
5
6
12
9
14
15
8
9
8
9
1
9
11
8
9
13
10
6
7
8
8
11
13
9
9
14
11
8
2
8
9
15
9
5
6
1
6
14
9
4
15
15
11
15
15
10
11
13
2
15
11
6
8
5
8
13
8
8
14
10
5
14
8
9
13
4
11
14
9
2
8
11
4
11
7
8
11
13
14
1
13
15
13
12
4
4
10
5
2
3
10
4
13
15
15
6
15
12
4
13
5
15
3
13
8
11
8
13
5
11
14
7
14
9
14
11
2
8
8
15
13
14
11

