YES
1 2 3 4
YES
1 2 3 4
YES
4
YES
1 4
YES
4
YES
3 4
YES
1 4
YES
1 3 4
YES
1 3 4
YES
4
YES
4
