25 51
32 19 
3 48 
18 33 
25 26 
32 19 
21 30 
44 7 
19 32 
42 9 
7 44 
16 35 
9 42 
47 4 
49 2 
43 8 
22 29 
16 35 
48 3 
14 37 
43 8 
12 39 
36 15 
48 3 
13 38 
9 42 
