86
80
80
38
1
173
8
87
5
104
12
62
117
129
160
133
108
122
161
9
138
121
30
3
104
139
66
9
87
87
101
89
100
1
19
42
154
146
148
117
128
103
122
2
160
111
135
107
65
153
10
10
107
129
68
97
106
126
31
126
19
14
1
88
67
169
2
116
133
22
146
114
3
35
19
2
24
102
134
14
111
54
108
138
88
86
132
151
38
168
99
167
171
106
151
150
139
129
2
114
127
81
39
1
35
24
1
92
30
142
152
2
45
124
118
97
154
109
51
129
144
87
141
45
141
163
112
87
139
109
149
135
10
100
92
106
17
46
122
13
28
116
18
149
