NO
NO
NO
YES
2 4 5 6 7 8 10 13 18 20 22 23 24 28 36 37 38 39 40 41 42 45 49 53 152
NO
NO
NO
YES
20
NO
NO
NO
YES
1 3 10 13 20
NO
NO
NO
NO
NO
YES
1 4 5 6 7 13 17 18 20 22 27 28 31 32 33 35 36 38
NO
NO
YES
20
YES
20
NO
YES
2 3 5 6 7 10 12 18 19 21 25 26 29 32 37 41 42 92
YES
1 2 3 6 10 12 14 15 20 23 25 26 27 28 29 31 33 36 37 38 39 40 41 43 45 46 48 49 50 51 55 56 58 61 62 63 64 65 67 68 69 70 71 72 74 76 146
NO
NO
NO
NO
NO
NO
NO
YES
1 2 3 6 7 80
YES
80
NO
NO
YES
20
YES
2 3 6 8 16 17 18 20 21 22 23 25 26 29 30 33 34 35 36 40 41 42 43 46 47 48 51 52 53 56 61 62 63 64 65 66 68 70 71 73 74 76 77 78 79 81 82 83 85 87 92 93 99 100 102 105 106 107 110 111 115 117 119 120 128
YES
1 33
NO
NO
NO
NO
NO
NO
NO
YES
1 4 5 9 11 14 15 16 17 18 19 24 25 26 30 31 32 33 34 36 80
YES
3 12 16 17 19 20 21 22 23 24 25 27 29 30 31 32 33 34 36 37 38 40 45 46 47 48 49 51 52 54 55 56 57 58 60 62 63 66 67 68 69 71 122
NO
NO
NO
NO
YES
1 2 4 5 6 7 8 9 10 12 13 14 22 26 27 28 30 35 37 39 40 41 42 43 45 47 49 50 52 55 56 57 58 59 61 62 63 64 65 66 67 72 73 79 80 86 88 91 94 95 96 97 100 102 105 107 108 109 110 115 116 119 120 121 122 124 125 126 127 132 133 134 135 137 139 140 164
NO
NO
NO
NO
NO
NO
YES
5 6 7 9 10 11 12 14 16 17 20 21 24 25 26 30 34 35 74
YES
2 3 5 7 8 13 14 16 20 21 23 24 26 29 30 34 35 36 37 40 100
YES
56
NO
NO
NO
NO
NO
YES
1 2 4 5 9 10 17 18 19 20 22 26 29 30 32 33 35 40 41 43 45 48 51 54 56 57 58 59 60 62 63 67 69 71 74 77 78 80 83 85 86 87 88 89 93 95 100 101 156
NO
NO
NO
NO
NO
NO
NO
NO
NO
NO
YES
1 9 10 11 12 13 19 21 23 24 25 27 31 32 34 41 42 44 48 49 56
NO
YES
20
NO
NO
NO
NO
NO
YES
1 3 4 5 8 9 10 13 14 15 19 22 24 25 26 27 30 33 35 36 38 39 40 41 42 43 45 47 49 52 54 57 58 59 60 61 65 68 72 73 74 75 76 77 79 82 83 85 86 88 93 96 128
YES
1 2 3 4 6 8 9 15 19 21 22 23 25 29 31 35 36 40 41 42 44 45 46 48 49 51 52 54 140
NO
NO
NO
NO
NO
NO
NO
NO
NO
NO
NO
YES
128
NO
YES
1 2 3 4 5 7 9 10 11 12 14 15 16 17 21 24 26 27 29 32 33 35 37 38 39 42 43 45 56
NO
NO
YES
5 7 10 11 12 13 14 16 18 20 22 23 24 25 37
NO
NO
YES
1 4 8 9 12 13 16 17 18 19 20 25 28 29 37 38 40 41 45 80
NO
NO
NO
NO
NO
NO
NO
NO
NO
NO
NO
YES
1 2 4 5 6 8 12 14 20
YES
5 7 9 11 14 15 16 19 20 22 24 26 27 28 32 34 36 38 42 43 170
NO
NO
YES
70
NO
YES
56
YES
1 8 11 12 13 14 15 16 17 18 19 22 23 26 28 30 31 32 33 37 43 47 48 53 57 59 60 61 62 63 66 68 71 75 77 79 80 84 86 90 92 96 97 98 100 102 104 109 113 116 190
NO
NO
NO
NO
YES
108
YES
152
YES
1 5 9 10 12 16 18 19 22 23 24 25 27 29 31 32 40
NO
YES
1 3 4 6 8 10 11 12 13 15 19 20 21 22 24 26 28 29 32 34 37 39 44 45 56
NO
NO
NO
YES
2 4 5 8 9 11 12 13 14 19 20 21 28 30 33 35 36 42 46 52 80
NO
NO
NO
YES
4 5 7 9 11 12 13 14 17 18 38
NO
NO
NO
NO
YES
20
NO
NO
NO
NO
NO
NO
NO
NO
NO
NO
YES
3 4 5 6 7 8 11 12 13 15 20
YES
110
NO
YES
148
NO
NO
NO
YES
1 3 8 10 12 13 14 15 17 20 22 24 27 28 32 33 35 37 38 39 41 43 44 46 47 48 50 51 52 54 55 56 57 61 63 64 66 67 72 76 77 78 82 84 86 180
NO
NO
NO
NO
NO
NO
NO
NO
NO
NO
NO
NO
NO
NO
NO
NO
NO
YES
1 2 4 5 7 8 10 13 15 18 20 21 22 25 26 27 28 31 33 34 39 40 42 43 45 47 48 49 51 52 54 59 60 61 64 67 69 70 72 74 77 79 80 81 83 85 86 88 89 91 92 93 94 97 98 99 100 108 111 112 114 115 117 118 128
NO
NO
NO
NO
NO
YES
20
NO
NO
NO
NO
NO
NO
NO
NO
YES
2 3 7 8 20
YES
40
NO
YES
1 2 7 8 11 14 16 18 19 21 22 23 25 26 27 28 29 30 31 35 39 41 44 45 46 48 50 51 52 53 55 56 57 58 59 61 64 66 100
YES
108
NO
YES
4 8 12 13 14 16 17 21 22 24 27 28 29 31 32 34 39 41 43 44 47 50 51 57 58 59 60 64 66 67 69 71 74
NO
YES
1 3 6 7 8 11 12 13 20
NO
YES
2 3 6 8 20
NO
NO
NO
NO
NO
YES
20
YES
1 3 20
YES
124
YES
1 2 3 5 6 11 13 14 15 16 18 19 20
YES
75
YES
20
NO
NO
NO
YES
2 4 6 8 9 10 11 12 13 14 19 20 22 23 24 26 56
YES
2 3 8 9 12 13 18 19 20 21 22 24 25 29 30 32 33 34 36 41 42 43 46 52 54 55 58 61 124
YES
32
NO
NO
NO
YES
2 3 4 5 7 9 10 13 14 15 20
NO
YES
20
YES
1 3 4 6 8 9 11 14 15 16 17 18 22 23 24 25 26 28 32 35 37 39 40 41 44 46 47 49 54 55 57 61 63 64 67 68 70 71 72 74 92
NO
NO
NO
NO
YES
4 5 6 7 11 12 13 14 20
NO
NO
NO
YES
4 5 6 9 11 12 13 14 15 16 18 20 21 24 25 26 27 28 33 34 37 40 41 42 44 45 47 50 52 53 55 57 61 66 68 72 73 74 75 79 80 82 83 84 86 89 90 92 94 96 97 101 104 110 111 112 114 115 119 120 123 125 126 133 188
NO
YES
128
NO
YES
1 3 4 5 6 7 8 10 11 15 17 18 22 26 56
NO
NO
NO
YES
140
YES
2 3 4 5 7 9 12 13 15 17 20
YES
20
NO
NO
NO
NO
YES
2 3 5 9 13 14 16 19 21 22 26 27 31 32 36 38 39 40 43 44 51 53 58 59 60 61 62 66 68 69 71 72 73 75 76 77 79 81 83 85 88 89 90 91 93 99 101 102 104 105 109 110 112 116
NO
NO
YES
1 2 3 7 11 13 14 16 19 24 28 30 31 32 33 34 40 41 44 45 48 50 52 54 164
NO
NO
NO
NO
NO
YES
1 3 5 6 146
YES
20
YES
1 2 3 4 38
YES
20
YES
60
YES
2 3 5 6 7 15 17 19 21 22 23 26 27 31 34 40 41 42 43 44 45 47 49 50 51 53 57 61 65 66 68 71 80
YES
20
YES
1 3 5 9 11 13 14 15 16 17 19 23 26 27 31 34 37 41 42 43 45 48 50 52 60
YES
1 2 3 4 5 8 9 10 18 20 22 25 30 31 32 35 39 41 42 44 46 50 51 52 53 54 56 58 60 64 65 68 70 72 74 75 76 77 80 82 83 84 86 87 88 89 90 95 96 97 98 102 107 109 111 112 113 115 117 118 120 121 122 124 125 126 128 129 131 133 139 141 160
NO
YES
1 2 3 4 5 6 9 12 13 15 18 20 21 26 27 28 30 32 33 37 40 41 42 43 46 47 48 52 53 54 57 61 62 63 64 65 67 68 70 71 73 74 75 76 77 79 80 84 88 89 90 92 93 94 95 96 97 99 101 103 105 109 110 111 113 114 120 122 123 125 126 130 132 138 140 141 152
YES
1 3 4 5 8 9 10 11 12 14 19 20 21 24 26 28 30 32 33 34 35 36 37 38 39 45 46 47 48 49 50 55 56 59 64 65 68 70 74 77 80 84 86 87 91 95 96 98 100 101 103 105 106 107 136
NO
YES
2 3 6 7 9 10 12 14 15 16 17 21 24 25 26 27 28 30 34 37 124
YES
20
NO
NO
NO
YES
20
NO
NO
NO
YES
20
NO
NO
NO
NO
NO
NO
NO
YES
5 6 7 10 11 12 13 14 20
NO
NO
NO
YES
1 4 5 8 10 11 12 13 16 18 20
NO
NO
NO
NO
NO
NO
NO
YES
1 3 56
NO
YES
76
NO
YES
56
NO
NO
NO
YES
100
NO
NO
NO
NO
NO
YES
2 4 7 8 10 11 12 14 15 16 18 19 23 24 27 28 80
YES
20
YES
20
NO
NO
NO
NO
