11
2 2
3 9
5 12
6 1
7 4
4 6
9 8
8 11
11 3
1 10
10 5
