NO
YES
1 4 6 11 16 18 24 26 27 28 31 32 33 36 38 75
NO
NO
YES
1 6 7 8 9 12 13 15 20
YES
20
NO
NO
NO
NO
NO
NO
NO
YES
1 4 5 6 7 8 10 11 12 15 17 19 22 24 25 26 27 29 34 35 38 39 40 41 43 44 45 47 48 49 50 51 55 57 63 67 69 72 73 74 77 78 110
NO
NO
NO
NO
NO
YES
29
NO
YES
20
NO
YES
155
YES
2 4 8 10 13 14 15 17 18 19 21 22 23 24 26 27 29 30 31 32 34 37 38 40 41 42 44 46 47 48 53 55 56 57 59 63 128
NO
NO
YES
3 4 5 10 12 13 16 18 21 23 24 29 32 33 36 40 43 46 49 50 51 52 53 58 60 61 62 64 65 67 68 69 70 71 75 77 78 79 82 83 84 85 89 90 94 95 99 100 106 108 109 110 111 114 118 119 120 121 124 125 140
YES
4 5 7 8 10 13 18 19 20 22 24 30 33 35 36 37 38 39 42 44 46 48 49 54 57 59 60 64 80
NO
NO
NO
YES
4 5 7 14 16 19 20 26 27 28 29 32 33 35 36 40 43 45 46 48 51 53 55 56 57 59 60 61 62 64 66 67 68 73 74 75 78 82 84 85 88 90 92 95 96 97 99 100 102 103 104 105 106 110 113 114 119
NO
YES
1 4 9 10 11 12 16 17 18 19 20 21 22 24 26 27 28 29 31 33 110
NO
YES
2 3 4 7 8 9 10 14 16 17 19 20 21 23 25 26 28 30 36 37 92
NO
NO
NO
YES
1 2 3 4 5 6 8 11 13 14 20
NO
NO
NO
NO
NO
NO
YES
2 3 11 14 16 17 18 20 21 22 23 26 36 40 41 45 50 51 54 55 57 66 67 68 70 85
NO
YES
95
NO
YES
4 5 6 8 9 10 12 15 20
NO
NO
YES
1 2 3 6 7 10 128
NO
NO
NO
NO
YES
20
NO
NO
NO
NO
NO
YES
5 6 8 9 10 40
YES
84
NO
NO
NO
NO
NO
NO
YES
4 5 7 9 11 13 22 23 104
YES
32
NO
NO
YES
2 4 9 10 11 13 14 20 22 23 56
YES
3 4 7 9 10 12 14 15 16 19 20 22 24 25 26 28 31 32 33 34 40
NO
NO
YES
184
YES
1 2 3 4 5 6 7 10 13 14 15 16 17 21 128
NO
NO
NO
NO
YES
1 2 3 5 6 9 11 12 14 15 20 23 24 29 30 33 34 35 36 37 39 40 43 44 45 47 53 54 55 56 60 61 67 70 73 74 76 79 80 84 88
NO
NO
YES
20
NO
YES
80
NO
NO
NO
YES
20
YES
3 4 5 7 9 11 14 15 16 17 18 21 22 24 25 27 29 31 32 34 37 39 40 41 42 48 50 55 56 57 62 63 68 69 72 75 77 79 80 81 110
NO
YES
20
YES
1 2 6 8 10 12 16 18 19 20 21 23 27 28 29 30 33 35 36 42 44 45 46 47 49 51 54 59 64 65 66 68 70 72 75 76 79 80 81 85 86 88 91 92 94 96 98 102 105 107 109 110 111 115 116 120 123 124 125 127 128 132 134 135 136 137 138 139 140 141 142 143 144 145 148 149 150 151 155 161 162 163 164
NO
NO
NO
NO
NO
YES
3 5 8 10 12 15 20
NO
YES
1 3 5 6 11 14 15 16 20
YES
20
YES
1 2 3 6 9 10 11 12 14 15 26 27 28 32 36 37 45 46 53 57 58 61 63 65 140
NO
NO
NO
YES
3 7 8 9 11 15 16 19 20 21 25 26 31 34 38 40 41 42 44 45 47 48 49 51 58 59 64 65 67 70 71 75 76 77 79 84 85 86 88 89 91 92 93 95 96 97 99 101 102 103 104 107 108 109 111 113 114 115 117 118 120 122 123 124 179
NO
YES
2 6 7 9 10 14 15 20 21 22 23 25 27 28 29 32 33 34 38 39 40 41 42 44 45 46 47 50 51 128
NO
NO
NO
YES
1 5 8 9 10 12 15 16 17 18 19 21 25 28 30 32 40
NO
NO
YES
140
YES
100
NO
NO
NO
YES
56
NO
NO
YES
1 2 3 4 5 6 7 8 9 11 14 15 18 19 20 21 23 28 34 38 39 40 41 42 48 49 50 51 52 58 80
NO
NO
NO
YES
2 3 9 11 13 16 17 18 19 22 23 25 27 29 31 34 35 37 38 40 42 77
YES
3 5 10 11 12 13 17 18 20 21 23 24 28 32 34 35 37 38 39 40 41 44 45 46 50 52 53 55 56 61 63 68 69 72 76 77 78 79 83 85 87 88 90 92 93 94 100 102 105 107 112 113 114 120 122 160
NO
NO
YES
62
NO
YES
140
NO
NO
YES
2 7 9 12 13 14 16 17 18 19 20 21 22 23 27 30 31 36 39 40 42 124
YES
128
YES
132
YES
1 2 6 9 10 12 14 17 19 21 65
NO
NO
NO
YES
40
NO
NO
NO
NO
NO
NO
NO
YES
1 3 27
YES
1 2 5 6 8 10 11 13 14 15 16 17 18 19 20 21 23 24 26 27 29 30 34 35 37 38 39 46 48 49 52 53 54 56 57 58 92
NO
NO
NO
NO
NO
NO
NO
NO
NO
NO
NO
YES
20
NO
YES
1 4 6 9 10 12 13 14 16 19 20 23 24 29 32 33 38 39 40 42 43 47 49 50 53 54 55 56 60 61 63 64 188
NO
NO
NO
NO
NO
NO
YES
1 2 3 5 6 8 10 11 20
NO
YES
120
NO
YES
1 2 4 5 9 11 14 15 68
NO
YES
20
NO
NO
YES
92
YES
1 3 7 9 44
NO
NO
NO
NO
NO
YES
80
NO
YES
3 5 6 9 10 11 12 14 15 17 18 20 21 22 23 24 27 28 31 32 34 36 37 39 164
NO
NO
NO
NO
NO
NO
NO
NO
NO
NO
NO
NO
NO
NO
YES
20
YES
150
NO
YES
20
YES
3 5 6 8 9 10 11 14 19 20 22 25 26 27 29 30 31 34 35 38 39 40 42 43 45 46 48 49 50 53 56 57 59 61 62 64 65 68 71 72 125
YES
2 4 5 6 8 9 10 11 12 15 17 19 20 23 25 26 28 29 30 34 36 37 40 41 42 43 44 45 46 50 53 54 57 58 59 140
NO
NO
NO
NO
NO
NO
YES
1 2 3 4 5 6 7 10 11 12 13 14 15 18 20 21 22 26 27 28 29 30 31 39 40
YES
20
NO
NO
YES
92
YES
20
NO
YES
1 3 7 9 10 12 13 14 15 16 19 20 21 22 24 25 26 27 28 30 31 36 38 40 72
YES
20
NO
YES
1 2 3 4 5 6 7 10 12 14 15 16 21 22 164
YES
1 2 4 9 13 14 15 16 22 25 28 29 33 34 35 36 164
YES
2 6 9 10 11 14 18 20 21 24 26 27 28 29 30 31 33 34 35 36 37 38 41 42 44 45 50 51 140
NO
NO
YES
2 3 6 7 8 9 10 11 13 14 15 16 17 19 98
YES
20
YES
1 2 3 6 7 11 13 15 19 21 22 23 24 27 29 32 34 35 36 38 42 43 47 51 54 55 57 59 60 61 62 66 68 69 71 77 80 81 82 83 84 85 90 91 93 98 100 101 102 103 104 107 113 114 119 121 122 126 127 128 133 135 139 140 143 145 147 150 151 152 155 156 161 162 165 166 168 175 182
NO
YES
1 3 5 6 8 9 10 11 12 13 15 18 23 24 25 34 56
YES
20
