16
8 16
14 7
10 13
15 19
5 10
11 6
12 17
13 9
6 1
7 4
16 8
3 11
4 14
2 15
1 2
9 3
