YES
1 2
YES
1
YES
1
YES
1
YES
1
YES
1
YES
1
YES
1
YES
1
YES
1
YES
1
YES
1
YES
1
YES
1
YES
1
YES
1
YES
1
YES
1
YES
1
YES
1
YES
1
YES
1
YES
1
YES
1
YES
1
YES
1
YES
1
YES
1
YES
1
YES
1
YES
1
YES
1
YES
1
YES
1
