14
1
222
55
217
223
219
235
3
42
178
22
152
206
225
247
205
176
121
238
237
171
15
67
50
21
245
240
198
172
202
191
12
50
33
9
18
183
106
119
165
255
240
185
209
175
171
15
249
1
54
152
107
17
216
238
9
126
79
135
179
163
209
210
163
11
230
15
229
19
15
246
70
164
222
206
85
252
182
205
151
265
119
175
167
120
188
81
25
37
139
46
57
98
171
198
11
186
54
216
216
216
165
111
202
113
256
191
226
132
27
24
42
111
213
231
152
258
183
21
79
63
71
28
209
189
60
33
23
