2 3 4 6 8 9 12 16 18 24 27 32 36 48 54 64 72 81 96 108 128 144 162 192 216 243 256 288 324 384 432 486 576 648 729 768 864 972 1152 1296 1458 1728 1944 2187 2304 2592 2916 3456 3888 4374 5184 5832 6561 6912 7776 8748 10368 11664 13122 15552 17496 19683 20736 23328 26244 31104 34992 39366 46656 52488 59049 62208 69984 78732 93312 104976 118098 139968 157464 186624 209952 236196 279936 314928 419904 472392 559872 629856 839808 944784 1259712 1679616 1889568 2519424 3779136 5038848 7558272 15116544
