244AD04E4DC42C9994924F9B5AE9DE431EAEB9BEAD325BDBFC3C5B8BC5A4188
536F3502AFE4653104B88D695DBBAE56
1
5BFDC91BD9A3215F96DAD
5154BD5ECD23F86124800707FD541CA63029EBDFA6E3B09E844746C32E3162A646BA78E565B
395E93465DF50A3E2A4
1896979953F673952332E3AB1620E38F9CDB62264272464D23B3E5572BBB9EAF5BDB300BF8A
943740C28DBF4869AF8EA7EA66C83E5BA6626285D
7A82C9C06FAEA7F426F224D424E827875501025A32F8B9072E97EB2B00D5FE9CB6882A
148AF0B6DB52AFA2F0D600FE7954200AD79BBEA5D88
3B7D58BFCBB7B0132C758007C1965342E5275261F1D12F646C562F4A859E
6DF835142DB28359E446520B10CB
550D
C21101A4F14C89E7605CACD43DEBF6CA97275A823
175D187FCD692239AA040C6E2D3D7DE7EA8A92E9D056842F260216F45
B663AA883A4
4AF2209D3D65B7842D99698CDE9F9609AFAF99C5D1D48C49BE5D11B38
12D188E2D26094B2FE2CE377BF156F803ECEE660B
1E550181893FB
10622BB5EB949BB73D0B94FE4094EF102A1AF7A5B17C7C844B99336C
198029D312E2187895F5CD7CF36892F0572E6
13888B819432BACF2A209B56E30C10F7530163C671718A1DF1CCCD
6D7EDFB4DDEAFB231F63A9A735D0E32C
E76A4CA2799D60C7E05DF
2F1AB281D6EE8A812421029BAFE55DCB266B341AD8CAD0DF6E1A191BF7A58090867E1AA0
3EA8464CF7AAB37DA0C9C1E0E54FD164053AD623D402C9FC82517422B
16CC709813E5BDA3122237C4BB3ECCACA6B7E4E5D11FF059C819063581BEF
334F584FCE9F59D71632CE31AC8058B49927246448981A77749F1BC0DBDCFC16F7D41
50790A87D52E3DC65
2D7BD3519A8B4EEE8723E321646B83D1F33FDEC
13E5B01510652656F33A649FC1F73D9E1A76BD98906EF6EF7846872798E164922
2828
8AF94492BABE
321E8AD60AA54B344951012929ADB4888D1E62584EA3F28CD035D2D70
4B9D8C4A7E75FA7D33CB82FE00C2940CE4BDEE319620195AF06
1E5F6E6674287B870B734DF8B520E03A1FBFCB34B7E31CA4E30DFB89FFA
7DEAB76B4D1A0166B0B21BD13E29DE77681161D9
4BF84B29F1E5FE0BE14F5
A2CC02C4395B927339FD1A738E
1A1CCC9B22210AA0D3DC27808F2E4AB6EADFCE97F4779140131
2AFC7520AC05C7CDB1E88E53B55
5CDF30F5C86F75FB4F185D12E1E6
2E3900CF223D08F30A87FAA9A27A66775509EB3D
B4549AFD90FD2F9A3018FE5D8BC1CD81326FC504EFFE
1FF66B44E42C321D5FFD62E84D4A5EA5E483A3319EC64568149287925
1E49E10DFA2346ECAA0BD4A15D5F9F26159BE4CA55042183B9BCE56DAA466D78
45C67A7947E07CDCA349128E5D6EEF5
D09A236
A30CC8952E2A00CDB8B376F35E7C42
D83CDB2E7F3F5E0B5F32C0081B510D18ED6B5ACDB7CEB2721CA667A
8B9E16227E304551B354574B66CFBF59DD45F5212491633CE9A7A6
3E7A779709CAD935CEF68D78E61E78D0DC74FB
1F393A06F39F4C3635320B08F717E863DCB44BF1599CE450A1
1F162097FBCD89405F9
95E944715A0E932D9B7519F12734D8B25
1BADD9FF7196
2948794CEC97D86EB210F47A516317B4A4E2C6
171FF39F31532B76E968
6B1CF9A7375F3D45BA4AF7FDAFE8643E5A0335C6EE26
779CA946CA57BC465AEA2A358D712B789EE85D5ED35951EFD23F0BB8D3790B
1BF548517734F4349AF1C591485C58D598CD1F3AA7346C7
B65C0F13F77B40F5E9E481036025A8B248E706D19A304ACE25C21DE9A495A60C23BB8DF8
45C03E2B67E0EEE0F2B3B29BBAC1524C
2F8FDBE3CCE30B191A1FECD523E3E1EA175B89B1A2E731C025F8D2EE7C1
13227D95F79D96A6BB37FCDADA9433285EE208C4ACEC92B2EA2E59496505651C0
3E00DAB9C9C0177713B99257C8D988872
1131C290396DFCC49E5BE1A1BA1A9B5F19AC082B7438D886F5E2315E4C24D891F
9804414867381064892359FB0743CF1A0CD2C
72E77688ED093EF04ADD6424189DC78D12B5
15CD9662BD3617C69260A49D4EA29983B233D333DB92F917C5DAF4
E53CBB059284B4B74F7EF2535D47C42EE1DABA16EEB15E8
33D808DA5C1A42BECD3DCC038C6DCA35DA8165429E3
CD810243C9D93C01CCBAAB6E94B
1EF3EEF28E056BC58708F557ED750B66E1CAAFBB51F
D7FCF18F8D46BB447B63C65774DAF1A4AEF3AC07ADBD4C8017F17F5D0DCB0FDD79DA2A2
748740F3CD3B28E1A989A7D256C5DD6078D9F0053
234317248F2F42306B515C747D18E05AC1D0E9F0901E865E3BB5F7E467E6F8EBFA4CF3
FC0CB04EC20427A8F86116C12B76A1EF31B5DD029F4
210
6A3FB11BB93BDFAC308940510D3011528744F37272FB84A27EFCBF774
9DDEB9E846A3C544A5A5B7E30ED31F16FE6A4BD14A39516AFAF13E8E988ADDB
33DD0F5CF1B71725B88FF77
17D42E5D0E9AEFD0CB805F6BB2F
9722E194E7E8CD65461BC0AC27F448C502673310EBFF2B61DD2C82D
257E45D2CFB20B87A4A9DDA7FC1D
E330
4609562F6BA218DDA7C2239B6273C1E4038A12FB11330C4E481E8CB30
244BD8225E4F9A9
1390E386253C1BD2DC5D0B3016CA3521B0AFEBB39E
615001D196C414D6E5F34EEC11F
DC6260F04C649347236DA137E2F68FAC5EB
27147386EFDB80C2093300E8AED8175
16C13D935EF14C77B9C3D8E268
74EB9A66C8D6E718765DA9102F9ACA373CAB5EFACF652C
8BD88F6F95C2F3D85B39AAFC8413E9DE27AD533304C2
22C74B0A9C10A65ACA79BE0888619DB035C41CAFA5DFDC72FF328
D9013E694F9D3C395DE5E41609F6BC
3BBFB9B02D433A14B0E359E4EE68444FEA8045AFFA85B8BD3DB05921ED3827D0
643ACBD7739AA59E836740894A36E91B08B5D48
AB5FC86DAC3EA59AF26B6E5B180D07597ECF00177F5ECCF6C8F
1FD037983DDA9BC4A8C5E43279415
23A7530F8AB997CC2D
1366B7945E22D2E1A9DB64F4CE81D3EAC14F36D8F1FFD529BA7C2BB42
429511A3072A9D25
353AC8709A7027767876193501938C9F767A8F1
1B4AA85CE79DFD7ABE0AAF776CD9F7C851D206A17355CFA2D6B328519461220DD3AC7
182BD4CC121B34FF6359D24449DF2F208D3C
5F2B
2ED2F299FE9076B213F7A1FD25
169EB874927
3CCA33607EC7DD8CCFA9F3A29
1B073B7CFEDA99A974EC49DF42457D45AB7D318F3244F6AB39954636BE6557BEE1AA10C
B7C2484DC4E1C279CA1E9858F57ABE27A9E
360839CBD
1B0BD57CE7E4BA0DDF1996425CD5BF7899FBF997959D2
1448AA71B0C4FB4741C985B4AA0EBAD8FD3D77FF
3117ED3D543CBD550EB0CAFA2A03E1575516596D1F3F84AE10207202E00782AC
4303C20059CB1C63C238FA33B35CB373632AD3C7AB3F3F2D82D1
CD279FFD7421C5DABEA96D50261C12D60291DC43B28919484BA6CD4DB407F
C0A5A92C60522E57C9D642BD4F283958FCCFA67F7E568994134A41
98FDD907F2BACCE1CA95116786BEE3C8D4CC6D238093C85560744FC5AFD7305E02BEFAC
1B49CD44339AF9B67F2A1ABEC86B49E380F615B1
74ACB978D4D15E299E83177B62
10
1470F7C3012607AE73ED1AD4234E26CF52A32EAD0C365A91ABE26AE56080
5634A90F5E29C3129081B14B8E6E01C
7ADB1BDCCF0E72D0000467EB3733C15068E1D1F6328BB12380224129173C
1BA53
D24C0A3130
194E5E4BBB5C6A6968743
731855EB6CAE8631EE5B58B5C01959E3CD47FF433BE43C940A69CC37F98862
39EE13CB9A4CB
1050AA1667BD94DE0651B3
2A8B8BC6F2142079D27479C5313A5069BA72DD0DA8A2F292C074C78ABFAC58AFF271
164CC39C5E76BBFF5CAE
3D5A176AA1E54E2B1415DED8641EA35BAD11CB90C106EE49E7FDE2BD7F0E0120DF
DBB01E53F65E5D7FB61BD8D1E2E021326846445
957A6765753CA5F5E9CE22AF44D782
1FD5AB9CBB9
6CFFB807D1F1C27B605A690150A1A7B0F540451EB3BD3D2E1A9
2AB526A6FDEF41ACB0FC845BED40433F8EDA7C4033DF952BE07F9D0
1A2328EFD93AFAD08BFBE06B8
19E62F4FD217ECEEA6ADDCC7C1A1AE967FE66B
2B89AD12BA797308CA92A62B626EA02710D16BC43884433DCAC812018ADB4A78F162
7
4BD8FD16B117FF04A0F26C1B9189A46F0CD84CFDCE54D647D34B4
20D3175408470F053670AC617E770E2
19B88997479D2DD29DE026FCE66C46FAC54070D6DED289C9FE3CE4D207EF4
6C6FDFCEA786AA10909E11E43FCEEF3
2DF8AC9BF3F3D4D05A04BBA8B5BB49323091276AE1F9DEBB47A40AC85
68836F3D0313092269B1FF9CDB9A438E98EF4DB3468D7E7
C5BE92FBABC4EDC2CF5A
24A817F4AC9
BAFDE97386993A378BE8E22FD5E203C453
18AEB275FF08CA68EA95A610A3BBEA2377643C8D9F99575C1E0
4F60CA7FD09DC365C233DECCAB1CB15F060960D431CD6547B49D7B8EE468D2079C30DA9B
2B
EF71C2B6EA14EB407C722B4BF482
1B00C0C2089905C5F68D
CED3AE8BD4F71EA0CA6C85646898C0C7CB603EBFD429635C09132
EB29461DBFD02D63678B1B6AB1E8FF2C3389419D7CA4C214099B8195DA4F92B17237
610EBABF25A72936A6B2B3D196F8CC352406EA452FC9645429B65B91C6FD0B5D9A
13C7526352A64085577
246199D39CD84342F73B51B698780FABD2018E01E82DCAC2D327B
1D7E4E98C52D3ED85D02A78C89F198B18
3ACA4B8686DAD4C
4B9D92A2168E533756CD3983BDFCC00A1E8A7FF93F0C857F8D165BDD86981938F55B6B0F
49378746C3D2864A36A6A407CFFC6FAD3A06644CCC68615CFAEB
1CDF5E2D01A3F6D8DD4946498590CB979C1EF88846066A2D8D2D18ABDD8759E44D3FAD36B65
F2568D03D8B3C0A0AE597E0644360945A6B481C74E7FE0E4B0FCC6B03
3
5C
55F490111ECC7F0ABF9624C8872751390F3274A9558F835BF819390D5D2CAA6FF718
321C76D76628DA852519255B3AE923A1B4F794F79BC6E351B2017D7691DB115564556C5EB0B
125C63A36958
16C15B49826DA842B0755DF8
7CD888BADF0D8F1DD2E537F712870E83255C8FCD96C6BF594CD867E3B92BA37E6AC768
2AE5C8721EB031BBC2BC0CFE0D96C4998028C3102867B331BD023F2D670E0F9B3
A34064D1D4FDC4383F13AED983BFD567
53CD71B3B44E021329A0D91C5E188
12554078DE82350DF4449C9B8D0CFE39DF0511A1C8263B
FEE6038E9294E1A303126BD6D21BBBD9934C67E6C5636CFBC0B13CAC0B1F051FCE521E65
110A561B6489CAC71EE31FC656F55FEC37E
15989DBDCEF0EDF36864EA17C14409403A4C611B90E8BD2121F1F6724699B398
CBF1A1BE8ADFDD168F4F606657CA3EEB1C77572D7EE44
4466D2678A1078FF4F29DCAAFBB56014D3BA40249195FFFE
574357839DB390CB5886F5FDE193
1A01C2D8C3FE9CE3E0DBD
33752C2CF
852233A56CF499B99970D
6AEE50CC
F62FCB27CD7DBBFA3A615C32C0AC6582A0C981A2413A7C578340A8F205153
CD9FF8A8D31F
3B830393D40398D7FC428A04
389D5AFF5C64076021AD5CD00ABCF6FC8EB4B0B735593C0B329343912E1A150D2DEFA8EDFB
122808979B7D5E1CBC7A46370B033D235963BA1EB495398948A9BF
9550E215F325669C293C58A8D51B6E794A8C1D1CA3C5549D1B
74D814925D31385D1076BB7A425D043C8B794B8790F61B0A723599CBF7EFA7C345B08E2DA
480837188C8B3CAD9ADD4B94B5293BCC7976666311EFD7734A1DA1FF5D423D
113FD3586E96CC31D3573EF28879FC2601FC
2F1C02B5E9D0D4FF70
C784AE98D4669976F628275A73C206FB3547DA62DF5C39DAE11CF03972C449BDE
2CB87F20C1420226B838A308F20
1CF5177DE474FA98A35416EE15C75CF22599CC80CDFE0C
C5F3D66FCC34
5A2D0972F63B4869914A05E62CCFA88A8A87D388AA948312D407FD
598D7DA6606A420D550B6498AECAE22CA146F6B6185944DD48E25ECDA46CF99
4BD50AE05803FB
D2146AE15
159184BB7813214784CC857E6F8EC78F015D5115F36AEDE787AB1B638C477D
DE7F3D85E4568EAB80431FAD4E9E561CF733922C4DD8B26A4DDB9F653B0CA77263775
D9434B8156A6FB8E6E83063ACC8DA5F9A7A6378FBC7C8501A0EB4F6BA84529D7AECFE8
185DA934CCC6ABBBE9FEB1D15278873EA181955ECCBE31EBDC0CBBDA2F2D08C24
88CF08D2F75B82B9734F9BD9099EE9081A7C07DCE2ECFF45BC9DCFA5588F2B1CB
9EC81AC709C794C3695A71C0DA78337822672
164EA
CFF10818B289482F5F413A4FAEF6274397E8A3
6A3F3E05B9A4ECF4E2E4F97A9F7365E26962442735E1DE3C6A1A907FD525BC90D
47F49569726C1AFFC10BFB394DB8BA228148B8A68BAACDC5875
11C9F
8614D690319289F20A1
408FB2B58
1657CE943EEC63E45BA53D3C9365C25F95C826D279FB8719E223103E66A52229CFA7A6ED9
2EA62451EB6F3BDFAB467433
143BFEB740E63EE12226489C6F58B295E1F960ECBF4C4DB55E7
A9A14E648406C63E34ED98CAC2E6DDCA3986FBDD1480A8F49CE0C842073E9B1F6E6DAF6EA
FE470499E45B45F5B39F51A6B06701FE9ADE75F693319378CCC86D72B3E560DAFE79FF142C
15C6633DDF0332581E05C54486CBDE6DA861A56599C28E7C8B9C4B5CEE09ED6E156
1E55A85513C63390642D10E008A5B721297DBF744FAADA9528D4A1FA64078A26134C071
4A0ED5136225953705D08E1FA44FAC49D2
1B5A0593C5AA44F031483E1110F28A02326F253C62054958513F249919EBE37F
18C1A91427AD3C5A5AE6DEE12CEA
1EFC3C0C3502ECDCD551F53090B9381575D7EC600FC7EE8A287A39BD
19480672A1DAAF5A4EE1
676A0893344F7238B6ACB5F5F
150482DE34DE7A1C8D7D39ADB45D079380D7586F9A8E8BCA4068D6EB
1A8FE5A
22B95B13D63D6B9F1280694115
153E32872E68B3655F8DC52F20AB52D3BA5D761CCA2CA777070623E477BF1388
244F9D680DE1
FA502BA10973BF6BDBA585FCB092D9829972C10CC76A5E3812BA497A565520F4
13653C91DB004207BBB9D9730F9F8C7F198C3B383DB3EE6F868B631FFFFAD63B
D7150710D083F
434203FDF6ECF2D0E497710FDE825ECD93E8C983555EB99010F3DE
19F2F692CA2A3B2051B28444F3A9FBD37EE8FD452FF0B843209119B436732C4A0CC57A7ED8
DE8
633551
4606EA56588DB844682D5D99FF65D3DE507FFC0C3C8FDF80419FC2FEA94BC
3EEBF3A23B8EFD4298CED326EC4F4584625B006FFE141EF
2BFDA024533E6E
BFF0AA
1764EBC82AD47ECE743ACE48F5F61B82423C82BD9590ACC37469C58E2
6F7BE17E8F2F20D16FD8B073C40AE81
AEFE115964E5BF95B2D0D6A30C8C
2FD1C43FFB956356F2F682C31ACB0
4C7881E2722FA930EB17D7B747B6EC5760
DB9D216AA81549BEAA50F10CC0A4AF8B5D253419B4FB848E1441629218B440CF78055BAC5
82AAED03C7C45DC98FD4E8428CEB7EFED4546142FBD04309D8652C2
13DF56F3EC503AB8822D35043DB
D203EC5DEA2700116224A3B6D0ACC77E782B697C0611B
484D692020008B3
C1CCBE3F20F736B9B4E6A2DDA5956CD126929DE97E05501F8225556AF243294032832CF
3095E8050997F1B3FBC0C47EA89562F73779
198F8
D4FD7295A8474C7CB446D73F08DBDC92
1A9F960446658FC9ACCF317F909876EC673E8EDAE7C6B
703FA617901AA6722BEFC829
2806C698
48003
964BA65E
ADF2FE9
DB0E8A1E13D942ED0687B2D389EA1102DDA708DF3D3AA2B1BC22A4195B7AA95FA84C232C6
82DD1C803FF1A796581FC672F285BDD4F
628B7C07ED
6B54C1CF8D8BE21E54FEAB3A0AC9CEE0EF84542FBA0733931391C6BDDB
1
32AFD1F1893DCD6DF1C38DED0DB8E5BEF40F45D7AB3FF
1386366AE7272663AA517636BDD1C2A8588814E256C4A686C4AC5B1A5BF20
2F4AFCEB96BDD7F0C8FA23764936D175D6BE912DAE8BB319EEEFFDE9292C964F73B462E5
3854988C5A0B82567A8F94BFE8B486159552CDC96145C83C497959BF2C74FA80534
BC3CFA593398CAEBBCCECCD177989647FB3C28BB5D5C80E2E1B
172E6FFB94DFE5E19139A8A74AEC
E1E306EC36916378F896FEDB1E54BF
2695D9C1FFC4CD980FA25
2F9C18511C0A2A3F61F7F91A8052438EB44C666
AB87C6E27930C1FA78777D005
BDD6264F58A67AA1BC9D6613A9B445A2E31EF9069AE9D2A67570C3886B96A
D9486382B537DEB2C066C7D24DD5374D6C411C1F22AAAB9E6458AC0EEE3EA69CC66
257F3C3B438E1A030777B19660C84AE71A3D44D8798A2A34
8CDBD969C223DEB636C421B
46577B30D79975F8D
222796335A575C6139E0F3E0F409F0EBA5423382D51BD5A3D786B6B85CD69
34D67D0A5CD5722492
3DA41FBE08E2975C4C98352C31A29D5E
9EBEACCA9030F8B
1D22E6B6402035F7B3C184BB13C38C804BF004C
4504ED71FEF7C84BAA28BA5117559C8C50D6324D2F0AA09D180
13E227DECCE2D50F87372D45448DCB3AC29A87D45C43ED44A8B576F26022C2BE1A3C
1DB16C623374EAA78436F03789F7CB3CE5EF4650F0820918CE0BF13074A9C79D16FB
387DA461DB225E6F8FC88F602F
1856E572B22892B153A99C682DC563C30E3E33A6F2D61B4489E86DBDBBC
100D17154B384C7E8600CF4E95F3B080
1B90B81A2D8D8E991EDC18D0DFA8B17A6B182D21AF3B10BD313F1F9F78A27B0D0C7
21EA6C70D59891EAC8BA40832D577FF54
D61DD9E71D04FAA4E16F7AE7122
4320302E0935D8ED7FB2874F9384BFAE67F1C91FBE222004C5DABADF4B87B
A13FBD4B3316EE00CD2C4A8A1868C52CF99626600C199700B
2948CC2312C5C38C5078131816D51E0E719368051832AE97F388029C03289BF8C76571B709
2DF8AC8AB758349C814C633229347C704C6
CA2FE906D1A7CD0D05A712D03A45D6EB13EF6EA6465041529C57B5248FD4F6
309657BBDBD666E832F83022033B0FF91F9A2AE04436AC9ACBEABAE4DCF5949FBC21B5
1BF48D48F0A9665BBB4A00639D79D673CC
8663021114DD4292BD188276E3A287538CD3DFD662E9C62970AD7D2366F
22BFBD14CDE4738B5625DCDA14DDDF799FF12EDDDFE3A740FE1B785D8BE10F2F
356A64855
15E70097D077F45953C6A0EA1F1914DBD4FCE4736729B64108DAC646DD1D53580628
A897AE662ECB1DFABE4B48
11C540F79C3E576010509298E55B
74037074BD6CB605371680497CBA28AFF8CF18982B4
12097962135DC2760D4643FED58BA804C1ED7478A2A7CAE53A788A464634FD4D34090EE9
14A20CB56BFBEF4DC6125FF6D893D6159923E219C015C
2C4F669DCE221AD11D8328E038787E5B1830B5700BFD49676C06EC4B9BCCB1AAC27
519C26480835FF6804BBFA116B555FED6AFE89F95D70504FFC05A
716B026B7919
DB783684A75896D5F9501C9F67B5F
1D980AB88EC2E29C8F89423337F5BC80702E55E83C472F016F2
2733669ECFCDDA59F9D1D197CF21635CE2EBEAC9A0F3D41559C4A4A57CDBC53
25AF799CB78CBE7A5E9B7E0BA066A6FC4C15113B0C934B567
2ECD9A5789C2591D26F106E2D8ABBC4DABFEB45ED6EC7910FC060BD3C40FD3B13CB1A
159EABDF9C0E51F1E3659E74F41738B
C52CCAD6BD298575195FA0888845AB306C6796823861100C68EFA72B1C050D58CE
13A7B1A46E28AB11194A3EF143BE0C7AD47D83AF69849277DD857D51
2CA
1713
38903A4
E0DF0D4D5C774C065260DF510CDBD4E0757BCC6D79CC92AC1
1093A6C00DF13D35B10DA7929603EC87BDBDFA9B930939285BB793EE642C
7CED3DB3F5127C61211AB43CD3642E1A289C5ED0528AAA6E
76F935D7D86A7A56D379CEAE7E62975FE80B762
6805
D3D29BB436D2D6713A1AA748D2AB2FAE42ABEAE013910A2DD9DAB9777
8959E309B060F5ADB414EFEA77B0B0A2889990B42A02D520146B44F782363
84A988E502FC28A83E51DA21C9079EE5AE83537A5023427C56CD0E97DFD
B8FFA39675387A2D02EB27797B39C0C6AC1
3C5A3AFAFBF9A280801B7B2F0C824D0AADB2C6103387C69B773354CAFE8CB912BE9D4C
9C185452C31D752FEC8E8D23989C4F0E8D203EFD619518284EC087A0819D
1A94A02710056F9E5B78EE7467C628
FF00115D634ECC9AB1A0EC18D8F3E47D308FBFAFA9CE13A8CA95CCEDA276C
2C33A944FC983E03D24EBDE7B2588D952CCD229A6
15694849B
8
7090657B02D6FAAD39B8253A00DF6A65B36DF64
5CA97DCCDBBA91830
39CBA6BA841252CBEA5C8AE9D9EBC87E
839F5028449756D0B332B81BB4C20A609759B4125537
2C323A8B44349618D6874863ADC528F7B11EB14760
2D8F7B5B999B6238E2
6A34B5A2107DBF9DC4F717B145081C216218981CE8
BF8E185A6A78E2DCED532DABF21F83A570BCEF119159E
1CC60F8E8FDD74ED1B
550242967663DCEA36
39920E29992BBC1F607B15F9C0DB323
C15F726AB96DB
5ADDC6CB0EB
ADD569ACC59B6F58A6AC27F432
2299E8158BCCE6B6F02922315C7A1A156048A2B6AD0
380DCEFC50B02E646251142DBB94D1CD
74B52852DA36C882B4CF4F39297DB8FB9FB318C23BA59B9AFF77062E263EF3EE
67921B5AC542DF97A337C3214BB668952C5A28FA4F5502ABEE594948CB5CB1
7806EC13BDB331FF69987B31266F
8161034BC359F66A7A07EF04592603E84416C6AC527DFD0EE24906D9410F29F1058
1ABAABD79D02208D5550C5CB71F548FEFDC3F0081223BAA0A75B21
C521F7FA01D8AA5B2902DCCE3FF515D3
8FED3BB059D5E
9C6E8E7B1ECE792
6CEF36EEEB139E85EFBBFD3D5E8CDD
13881B55D4DD67F690E590C7C2C63DB40A384A66F45E9CDB6DAA3
682C5A4D0978FF0BA3E1089A853C3E7777553B0FD40F5FD9B9A51CF
E9824C014
16DB68B7BABDEB358460EB938A50032440734F4609CB13DF7FE
8950ABD05D83314A82D890
3DF283457B512DD19174A1B192B3DED444E57F6E4DFFDF98E89E6DA5BAE421C5
621C
D4E6F4FB1843A0AEDAD240189222BBD7005F7009BB219D2AE
3B970272421284002315F1E580EB9FEB07302E95DA1A5
BDB0F226EB93C2
733AC8123D11992F8E95777079FBE2DA980661E606141C3DD15F7D542F86CE74F
12AF0753C5DDCEE7A525A3BC31A2C26F78285410E7A63E3097039B4326400CF00800FE4
EEFF4A8CDE5
1C09D0ADA39BDFAFE009D7777AE699E35
141C1129E2FA132712661E39C60FE2D1CAB4F6A9EE65EA44C
7B0AC622425E84EF28C40480D019D145C542FF6
197082766DEA74788A97FD
621D53DD5B2C8D6FF0FF50CED6FE5B96558675C712C016684933E790B0A55
FA8E3DC2317998A4EB2CBF7CC98A533BFD427204FF16AF88BA00553B0A
3F75D5E52
12F5F48AD62B8C69C3C691489E
B60526D46C05D23FE19F4
1C13FCE0D661DD4F24FC508FC11A93E714FF29A556E0DF535411
17C4F2E7045D02E231A436AABACF6A8A56EA9C77143DC648771BA6AB1E7E6
4C92087AFAA363E13939C545FA105EBECF88C95
A3CDA3B110C3FC89A02CDD4763D8550A78AABC788C873B17588A7442866F2DB2
2E3951197C79CF1FDD5E25848216F8BFE55FBC0961C0057478445FEDFEB9F
14B4EAB27C17EABED6C4
10F2D052FF8C04C9E7C3104D18DB3E03BC304F35E444E5C4649BBF6650F9393DF
CF42095EB7B3CD9DFF99AA52B1E2F65F0B3B766F2DFE2
76E9CE0CD7904109BE39964A3DD277F18AFEFE540EAF281614BF4D0050810D32E
204164586639E61E069FC3BDCEDFE27EF31516BA1FEF9AB3C313E78BF82
4C7BEC21D711A7BA5922ECC959F1908F
60005D02BEB943907D
21251AD4E0DB70B4F91425E9A8244FFBCA8BA2E33E0CFC35
A01BB7BD777DF1A18788EDF9EA837C34A356E3889984A4CAF697A
322
5682090111B00C2599EC2A97FE204FF8E2FA4CA57E6AA126A97062EFBB519EFB8098C8
3D4A83A770537A6B2C44BE9D8FC30
6027D38119DAB33DC39419DBB
39872E8DB40
2A683F01DD40694886F760CEE8F73A0
5D7EFF7DB184327C8DC45
6ECFBBEE571118BF94765FDEAD0B9311F1E415583668E065A548AF45272
1B3BCE695195662CF66D854B
F8510875E6C6C322
DD941B6AD2457380D6DDBF08C79867A23BC301B702BF3245
6D3DF6BB07FD36FE544635D1941638DB767800400AF
14BE9339B482BDE07E1CB4E4
1022CF966C70183B5A94AF2DDEF55F1ADD3943AE0D5AD820DF60790652
180EF77F84899
95171C770543165D22ECD36AC91E3D6396DA
652A6805E162B2F2FD1FD46895813B417B4A7F163A1
19E43F886CE0376ABACE2D2E58A73846F66181CCEDA477667844EBF5987B3
5A784F59C3CFFE1FA4D87D316E23D8C38EBC8A85098EFADBAD934E9EF398B80
187B4FCD06C025D61B281B87A50B9C1673864E57585D7805
FE710A54D952124AC6498192FF60EA82DEEFE0CFDE09D2086DF3F955
287E5561CDEC
42225DD3
21B921F37353ED09A18633DB7B992E9540D95356E3720589A2AED87
26E4812B5DD74D602F4B39B39
53A1
3ABB8A23B16F4E7CDA13C89EC8444603EB179A462BC27
3AC4E23CDBEE05D6A8053EF234B4C5F510E7927
19D4EE1BD1E737F597A
78322508A2CB1407FEE92192298DAA49436A35FC8821EDA0FA9
7B61F1C941AE9809825C71E5949F6E0B9F534296656E01EEA980ADC570B8D8
88F
6928C6F1834530A7117F5F75C18574C090F72
15266D5C29B3869BC7E5065E4E20904D22676C3
23753A796178B0
9610120F8ECD
39E661D08D8CDB52F0901E06F638641FEA3
1A1919127C990AA459
12871D
4F0C40FCF7AB
30D5C3AD186350FBAF24DFE6AC721F444E84A073B6061E30
708003F0069
3878E1A42465FF
4EF6EBE08
E1FB99E2D04FF0B23
282653A7B65D8CD3B
139AA360907B06C94A2B4F
3DF45C8FAC169E3982A901D44A425D13D684CBB917E9C34C741A5BCE6616
7296E2385CB1687729EF2278EA7F40731532121B4A5F
8BCFE164990B3EE8
A54CF29B59A78F6CE9585ACF392B10F2B3EB0703C678F7853AAA92C7316411C5A802440FE
A85EBBE43FCFBA63C84855A21E44106F6465423B9C
177B
E3E57F5EF98FBC0509DAA57
34C46499EE91914D4D0DFDEB67726C6113B084560D57C65A3D81FAE158FD9
593FF0D0F7511E191FD58ED943646FB60580BB94DE8F3936049E5159CD687DD106DF
650E87BB5F348E4816A02273F78053250C345CB3BACA54584268B2E88B5C49479E
1E0C94D8F25F627078E53CFFFADC828CC46958CB15BB363C7B9567F3C7741D36207ABEFD1
1DD2D40110D2272F1CC651C0ED4FEAADF9782D6FC30B3F84EB92FB7274D66596AF198
E791E173B7FB391CD4B80610B4AE6CC1B19DD8D64D9AA01B31382B6B15765D4177F10AF6
92D9494252AE855DA3C3CC00906A6DF7C2F76A73EB6DF314604D28697A7A865491
13AD0AAD2BBAB64061D9FF1FB8254CE8BCE5CBCD8511FAF3F87AD598197578E24A
8357EA9BE92CD1FD31
3E563027C4053A8E56E4
32911E8917F6120F3BBF990129514A4A
7D6EDE8FC5A89278D9A1794316E5E50
217FCF196EEABE
1
2CF412D6CB31741
D88F863AD58D0576997671D1A59741
16624250C20A042E6C19D9BBF34C8B3059D082150092AE493DDC8B4AE3A41BE9F3D3D
3C35A48DB
1125AD0288EAE04A9F6830
35E06DF24ADEFA69CD2A3688048775A9FDFB218C3E8EE5C3093BBDCAE98D5560705A866F239
3F956F3C97B0EF43781AC9D3BB1B5A182
5E8283CA8589CEAA5C639105EEDDD29D0AAF7F5118C57FB5C87B5F
71871B602E3516D39F4EAB5F2964211490BAD
72B37320D99EEEBE8EA5800D63986BBE35CD78F5957E93AE56EB8947CBE
1C612D747C8E02AF0257ACB4BA76032D036FC2B1656834FB230EDB4189A3422AE2656A50
3ECC1F15457A5E57BB74A0BCA6AC387F
E0C243C641E675197BFEE4FB4A3283A43107AA50590831761C93F8904ABF033DF
578B527BA60D6293DF2D4E5F95BB49D4D3EAA0CDD62B882EAB907A46AA
A6A607F8FC607D682FAC625D57B9830E8E61D0394E510BB18E5BF3B4B577E468CD8A18B5
AAE42E80047F8
4CE5B92EE36DE7EC764
1870E806A0F2D3EB90014E6AABD42DE46937EF6EBDBCED422FB91BED7556
17ACEAC7F1919D6D6BB46C7A00F36D78EE9C4ACE8EB6FD55E5046BB39FE61CAE262D1
1C13C4A187AE9D52045B8D3593088F55F02
