174298A0EC9E5FC
13483DDCB4
295E9DD5E063495D8A
23BE3EF573A37E5B950
2AF
7FF93B6EDD2828C2
342EC744AA2AED11CCBE2408
2BD2EEA
58E9E0EC66DD
261C116968F64C99D94C
