405
451
421
439
9
18
2
442
13
426
233
119
462
403
361
398
387
33
330
387
13
354
361
117
42
242
197
436
491
409
356
427
363
89
351
87
207
211
328
405
368
65
18
1
441
246
493
371
429
4
262
189
443
343
102
357
22
379
400
113
27
404
385
1
22
412
398
116
466
27
306
15
59
491
246
181
441
149
56
371
29
45
370
36
430
74
128
194
408
41
16
18
21
367
14
39
22
4
328
469
1
85
332
358
138
86
349
31
423
44
462
50
475
392
44
20
374
156
185
461
222
441
430
402
389
332
59
352
34
358
75
344
330
129
12
403
213
75
322
441
357
491
209
238
121
419
185
389
439
332
1
361
137
347
337
358
310
468
328
89
425
94
429
415
170
213
329
127
397
76
202
400
398
441
15
422
393
2
