76
231
207
1
38
80
282
20
28
226
253
17
238
225
269
60
224
218
218
259
222
227
279
4
299
47
220
255
4
241
227
199
81
126
218
70
225
270
11
238
9
9
25
245
8
33
239
213
20
211
292
225
301
78
87
241
274
6
174
238
147
214
230
54
185
7
241
216
226
289
111
224
233
293
259
32
259
238
282
42
98
11
11
269
256
286
229
44
248
288
221
4
108
228
231
228
257
237
11
251
8
31
221
252
53
259
38
25
228
137
224
131
261
29
244
21
47
218
275
254
282
255
257
262
267
161
34
45
225
271
241
223
79
74
72
238
67
240
12
233
8
227
291
13
113
253
259
275
54
253
4
263
55
2
236
254
205
67
18
247
