12
114
164
172
47
181
189
186
178
158
42
168
58
7
9
178
4
1
23
182
130
13
161
166
123
22
1
200
88
200
1
14
188
214
188
173
19
50
158
210
124
117
65
3
158
191
12
189
193
144
128
32
174
10
183
63
89
186
15
191
161
217
17
99
59
102
5
140
153
182
95
183
107
40
175
147
18
11
154
199
183
19
196
20
176
59
144
27
154
211
158
169
6
83
147
199
150
176
1
170
191
1
133
32
74
70
43
26
211
145
162
9
188
189
176
21
167
3
2
28
3
203
119
64
85
197
4
21
170
81
80
95
195
127
35
167
153
1
24
211
10
203
132
135
42
9
205
46
90
149
199
78
217
154
101
214
