9999988888777776666655555544444444444444433333333333333322222222222222211111111111111100000