999888777666555444333333332222222222222211111111111111000