35 1000000
408976 591024 
222108 777892 
290416 709584 
660495 339505 
569955 430045 
392385 607615 
724023 275977 
520162 479838 
655288 344712 
298298 701702 
584559 415441 
563105 436895 
715572 284428 
782061 217939 
698031 301969 
740346 259654 
505211 494789 
585595 414405 
358599 641401 
681552 318448 
450750 549250 
761814 238186 
247737 752263 
371184 628816 
220959 779041 
373005 626995 
761311 238689 
351018 648982 
652299 347701 
408892 591108 
601114 398886 
480238 519762 
237460 762540 
779453 220547 
626818 373182 
