16
68
237
495
949
1501
2090
2682
3304
3941
4641
5437
6299
7207
8121
9066
10061
11243
12568
14020
15698
17435
19219
21024
22929
24834
26767
28803
30842
33058
35293
37549
39831
42249
44684
47319
50242
53240
56317
59397
62671
66014
69469
72924
76430
80008
83607
87251
91065
95011
99027
103126
107270
111488
115727
120047
124381
128789
133292
137813
142383
147078
151879
156767
161749
166786
172326
177917
183565
189309
195065
200916
206778
212641
218750
224901
231070
237283
243496
249747
256041
262356
268679
275146
281710
288432
295228
302232
309337
316451
323717
331105
338593
346107
353772
361438
369122
376831
384626
392664
400725
408824
416943
425079
433250
441480
449716
458043
466383
474810
483282
491823
500481
509261
518136
527041
536039
545050
554162
563334
572512
581916
591369
600830
610407
620007
629657
639339
649028
658727
668503
678317
