154
163
31
159
185
88
163
107
61
142
163
134
157
185
186
181
178
190
187
61
64
217
179
220
176
6
140
3
62
212
62
154
35
64
84
65
34
214
206
155
15
68
15
221
115
230
206
205
167
210
35
162
184
89
220
7
83
179
2
58
41
44
61
183
12
203
178
135
15
221
152
56
62
61
167
20
57
10
147
111
165
2
81
9
20
171
220
2
84
35
147
18
202
154
167
55
144
179
21
176
212
181
148
151
131
76
52
5
9
152
149
215
65
159
3
217
214
198
31
214
109
140
204
187
51
97
43
30
26
152
159
43
67
93
157
5
173
193
156
224
60
32
39
166
