81796 23393656 6690585616 1913507486176 547263141046336 