287968BE3B8D
2
4B3F42
B7125DD4E689751839799
4F51DA9B0D5061AE4B1A
163E1086CA89816
D33A63EFA8979BAB8
9B8C3F8934
897EA
1FBA9548EAF7980
3
73D812CA0E23E2487D2
EE974DE2459CC859F3
15AFD0BFC59D0A3A130EBF68
6E4609A094B8
3611518A2691C5F4D3A57202F
CEB565CCE5C8A47C
C7014022B5005
308C0F79AEFA13B
3ED55F9E
D6960369DA22A
6A3FB
8147
121259358110374
2A6E457E143B24B2
17BA3A
54DD011240DB348DE280
359B
43D68
1BDB866957176DA636917C
1D7A18EB5C68E1F5E6
AE6493
E
4304D566516353F0CD7
599D0C
625761396D4440CA4652C28
11ADF3D3788D51F0C4AF
17099AE8880D150B88C6DAB1
1B4C9F95D17FCB444EBF
26677C317A638B719F1AB147
AC50F95705D8CEC9C
78355DEB1C9256B195AC50
7
C0CB
2FC61B0DCD5E3B9693E
DB439E300A
D33E66B88AADF64
2769DF80108F1A0F1549E7E30
93D0282F74
31558583CFACB2C5A01951
