420
616
616
700
700
958
1264
1546
1546
1546
1546
1546
2074
2302
2302
2302
2458
2974
3118
3712
