202
183
10
228
260
27
128
73
80
1
13
219
213
1
191
256
7
244
166
239
108
84
235
231
243
195
178
160
177
234
224
7
150
226
86
222
24
42
23
28
12
112
61
39
213
242
13
180
2
191
230
68
197
32
240
16
10
193
247
256
207
250
211
9
153
232
23
219
4
25
198
216
54
27
73
241
192
245
228
265
84
18
226
3
233
244
130
247
1
194
3
2
195
266
243
132
154
189
225
43
138
39
256
226
47
145
200
211
192
48
204
269
190
46
1
248
264
205
195
231
16
29
248
