307
60
299
227
295
77
108
290
173
25
256
24
55
229
222
2
3
327
257
258
245
104
37
300
48
12
22
84
170
303
316
3
307
295
253
277
311
235
251
258
138
238
16
136
85
7
225
302
25
32
336
288
68
257
309
48
65
314
122
296
16
298
269
42
295
253
293
198
161
333
248
311
66
288
248
117
31
309
290
304
15
160
126
13
12
29
26
234
296
295
21
303
247
3
252
60
35
319
145
265
50
58
271
4
31
93
161
33
189
112
290
28
61
1
46
224
20
46
339
26
309
40
241
217
56
289
228
263
104
230
235
21
313
66
282
