10 21
10 11 
13 8 
3 18 
12 9 
4 17 
17 4 
12 9 
17 4 
4 17 
7 14 
