12
15 18
4 1
13 6
9 3
6 11
12 19
1 10
11 8
2 14
8 15
5 2
7 16
