A 3
D 8
F 11
G 19
H 16
J 14
K 6
L 1
Q 1
S 3
T 2
W 1