179
154
132
125
1
70
69
11
154
7
145
143
173
6
8
156
145
61
1
182
28
103
150
24
114
169
111
36
107
134
42
18
92
140
124
79
23
134
155
159
147
76
144
120
113
37
126
11
42
19
130
15
104
115
153
7
104
158
126
173
114
107
138
133
112
25
111
55
141
43
15
48
39
145
3
46
118
13
156
4
115
141
154
117
129
69
3
5
104
147
151
105
44
69
155
3
132
154
98
27
14
96
34
124
156
104
81
30
138
146
145
174
133
130
171
49
31
12
132
49
27
71
81
20
130
145
154
