46
107
155
18
41
185
114
165
175
233
9
114
205
180
86
208
125
207
239
23
181
9
67
201
57
209
42
187
131
16
65
188
162
2
79
228
165
3
194
158
29
7
193
75
208
5
78
156
201
25
177
146
174
172
40
5
81
29
47
180
154
162
221
239
65
214
158
196
162
8
23
1
20
59
109
51
171
78
79
181
173
176
28
135
161
95
192
225
231
64
140
12
126
154
158
176
161
166
218
195
98
158
217
203
185
90
184
57
79
184
176
184
40
220
152
194
45
11
2
15
28
47
182
196
152
181
220
19
73
212
176
175
216
3
218
40
55
220
5
213
175
170
