NO
NO
YES
1 2 3 5 6 7 8 9 11
NO
NO
YES
1 2 3 4 5 6 11
YES
5
YES
1
NO
YES
10
YES
1
YES
10
YES
1
NO
YES
10
NO
NO
YES
1
YES
1
YES
3
YES
1
YES
6
NO
NO
NO
YES
1 2 10
YES
7
NO
YES
1
YES
1
NO
NO
YES
1
NO
YES
1
YES
1
YES
1 2 3 4 5 7
YES
1
YES
3
YES
1 2 3 4 5 7 8 9 10
YES
9
NO
YES
1
YES
1
YES
8
NO
NO
NO
NO
YES
9
YES
1
YES
1 4
YES
1
YES
5
NO
NO
YES
1
YES
1 2 7
NO
NO
YES
1
YES
1
YES
1
NO
YES
5
YES
3
YES
1
NO
YES
9
YES
1
YES
5
YES
6
YES
5
YES
4
YES
7
YES
1
YES
5
NO
NO
YES
1
NO
YES
8
NO
NO
YES
7
YES
1
YES
1
YES
1
YES
5
NO
YES
1 2 3 4 5 11
NO
YES
1
YES
9
YES
7
NO
YES
1
YES
2
NO
YES
1
NO
YES
1
YES
1
YES
11
YES
1
YES
1
NO
YES
1
YES
1
YES
1 2 3 4 5 6 9
NO
YES
1
NO
YES
9
YES
3
NO
NO
YES
8
NO
YES
9
NO
NO
NO
YES
1 2 3 6
YES
1
NO
YES
1 3 4 5 6 7 11
YES
1
YES
7
YES
9
NO
NO
NO
NO
YES
5
YES
7
YES
1
YES
1
YES
1
YES
1 3 4 5 6 11
NO
YES
1
NO
YES
3
NO
YES
1
YES
9
YES
1
YES
1 2 3 4 5 6 7 8 9 10 11
YES
1
YES
9
YES
1
YES
10
YES
1
NO
NO
NO
YES
1
NO
NO
NO
YES
1
YES
9
YES
5
NO
YES
1
YES
1
YES
1
NO
YES
1 2 3 4 5 6 7 8
NO
YES
9
NO
YES
1
YES
1
NO
YES
1
YES
1
YES
1
YES
6
YES
1 11
YES
10
NO
YES
1 11
NO
YES
1
NO
YES
5
NO
NO
NO
YES
1
YES
1
YES
1
NO
NO
NO
NO
YES
1
YES
1
YES
5
YES
1
YES
9
YES
1
NO
YES
1
YES
5
YES
1
NO
YES
3
YES
1 2 3 4 5 6 7 8 10 11
YES
1
YES
1
YES
7
YES
5
YES
1
NO
YES
1
YES
9
YES
3
NO
YES
3
YES
1 2 4 7
NO
YES
3
NO
YES
2
NO
NO
NO
NO
YES
1 2 3 4 5 6 7
YES
9
NO
YES
1 2 3 4 5 6 7
NO
NO
NO
YES
6
NO
YES
1
YES
11
YES
2
NO
YES
1 2 3 4 5 6 7 8
NO
YES
1
YES
1
YES
6
NO
NO
YES
1 2 3 9
NO
YES
1
YES
1
YES
1
YES
5
YES
1
NO
NO
NO
YES
1
NO
YES
1
NO
YES
6
YES
1 2 3 4 5
YES
11
YES
1
NO
NO
NO
YES
1
NO
YES
9
NO
NO
YES
7
YES
5
YES
1
NO
YES
4
NO
NO
YES
1
YES
1
YES
1
YES
1 2 3 9
YES
1
NO
NO
YES
1
YES
1
NO
YES
3
YES
8
YES
1
YES
3
YES
1
NO
YES
2
YES
11
NO
NO
NO
YES
8
NO
YES
1
NO
YES
5
NO
NO
YES
1
YES
1 2 3 4 6 7 8 9 10
YES
1
NO
YES
1
YES
4
NO
YES
1
NO
NO
YES
2 3 4 5
YES
7
YES
5
NO
YES
1 2 3 4 5
YES
5
YES
1 2 3 4 5 7
NO
NO
YES
1 2 3 4 5
YES
1
YES
1
YES
1 2 3 4 5
NO
NO
YES
5
NO
YES
1
NO
YES
1
NO
YES
8
YES
1
YES
1
NO
NO
NO
YES
5
YES
1
NO
YES
1
YES
9
YES
1
YES
1 3 4 5 8
YES
3
YES
11
YES
5
NO
YES
1
YES
1
NO
YES
7
NO
YES
1
NO
NO
NO
YES
1 2 3 9
YES
5
YES
1 2 3 4 7
NO
NO
YES
1
YES
1
NO
NO
YES
1 2 3 4 5 6 9
YES
1
YES
2
NO
YES
10
YES
1
YES
1
YES
8
YES
1
NO
YES
1
YES
5
NO
YES
1
NO
NO
YES
1
NO
YES
1
NO
NO
NO
NO
NO
NO
YES
1 11
YES
7
YES
1
YES
1 2 11
YES
3
NO
YES
1
NO
YES
1 2 3 4 11
YES
1 2 3 4 5 6 7 8 9
NO
NO
YES
2
NO
YES
10
YES
1
YES
3
YES
10
YES
8
NO
NO
NO
NO
YES
1
YES
1 2 3 9
NO
NO
YES
1
YES
1
NO
NO
NO
YES
9
YES
3
YES
1
NO
NO
YES
1
NO
NO
NO
NO
YES
1 3 4 5 6 8 9
YES
1 2 3 9
YES
3
YES
1
NO
YES
1 2 3 4 5 6 7 9 10
NO
YES
1 2 3 4 11
YES
1 7
YES
1
NO
YES
1 2 7
YES
1 9
YES
11
YES
8
NO
NO
YES
1
NO
NO
NO
YES
1
YES
3
NO
YES
8
NO
YES
7
YES
9
YES
1 7
YES
1
NO
NO
YES
1
YES
1
YES
1
YES
1
YES
5
NO
YES
3
YES
1
YES
1
YES
1 2 3 4 9
YES
11
YES
1 2
YES
1
NO
YES
1
YES
3
YES
1
YES
8
NO
YES
1
NO
NO
YES
1 2 3 4 5 6 7
NO
NO
NO
NO
NO
YES
7
YES
3
NO
YES
10
YES
6
NO
YES
1
YES
1
NO
YES
5
YES
1
YES
9
NO
NO
YES
1
NO
NO
YES
3
YES
1 2 3 4 5 6 11
YES
1
YES
1
YES
1 2 3 4 5
YES
1 2 4 5 6 7 8 9 10
YES
7
NO
NO
YES
1
YES
10
YES
1 2 5
YES
1
YES
5
NO
YES
7
YES
7
YES
9
NO
NO
YES
9
NO
YES
11
NO
YES
1 2 3
YES
1
YES
3
YES
3
NO
YES
1
YES
1
NO
YES
1
YES
1
YES
1
YES
4
NO
YES
1
YES
1
YES
1
YES
1
YES
1
NO
NO
NO
YES
1 2 7
YES
1
YES
1 2 3 4 5 10
NO
YES
1
YES
1
NO
NO
YES
1
NO
NO
YES
8
NO
NO
NO
NO
YES
1
YES
1
NO
YES
1 2 3 4 8
NO
NO
YES
1 7
YES
3
NO
YES
1 4
YES
1
YES
1
NO
YES
3
NO
NO
NO
NO
YES
1
YES
1
NO
NO
YES
1
YES
1
YES
1
YES
1
YES
3
YES
7
NO
NO
YES
1
YES
1 2 3 4 7
YES
1
YES
3
YES
2
YES
1
NO
YES
4
NO
NO
NO
YES
1
YES
1
NO
YES
1 2 3 4 7
NO
NO
YES
8
NO
YES
10
YES
1
YES
1
YES
1 2 3 4 5 6 7 8 11
YES
1
YES
1
NO
YES
11
NO
YES
1
NO
NO
NO
YES
5
YES
1
YES
1
YES
1
YES
2 3 4 9
YES
1
NO
YES
1
YES
1
NO
YES
9
NO
YES
1
NO
YES
1
YES
1
YES
1
YES
1 2 3 5 8
YES
1
YES
1
YES
9
YES
1 2 3 4
YES
1
YES
1
YES
1
YES
1
NO
YES
10
NO
YES
1
YES
1
YES
2
YES
7
YES
1 2 3 11
NO
YES
7
NO
NO
NO
NO
YES
1 2 3 4 5 6 7 8
YES
1
NO
NO
YES
1
NO
NO
YES
1
NO
NO
YES
1
NO
YES
9
YES
1
NO
YES
4
YES
9
NO
YES
1 2 3 4 5 6 7 8 9 11
YES
1
YES
1
NO
NO
YES
1
YES
1 2 3
YES
8
NO
YES
6
YES
1 2 3 8
NO
YES
1
YES
1
YES
1
NO
NO
YES
1
NO
NO
NO
YES
1
NO
NO
YES
1
YES
1
NO
YES
1
YES
8
YES
4
YES
1
YES
1
YES
1
NO
YES
1 2 3 4 11
YES
1
YES
3
YES
5
YES
1 11
YES
2 3 4 5 6 7 8 9 10 11
YES
1
YES
1 5
NO
YES
1
NO
NO
YES
11
YES
1
YES
1
YES
1
YES
1 2 7
NO
YES
11
NO
YES
1 2 10
NO
NO
YES
1
NO
YES
1
YES
9
YES
1
NO
NO
YES
1 2 11
YES
1
NO
YES
1
YES
6
NO
NO
YES
1
YES
1 2 11
YES
1
NO
YES
1
NO
YES
9
YES
1 2 5
YES
1 2 3 4 5 6 9
YES
1
YES
1 2 11
YES
1 2
YES
1 2 3 4 8
YES
3
YES
1 11
YES
1 2 4 5 8
NO
YES
11
YES
1 4
YES
1
YES
1 2 3 4 5 6 9
YES
1
YES
5
YES
1 2 3 4 5
YES
4
NO
NO
YES
9
YES
1
YES
1
NO
NO
NO
NO
YES
1
YES
1 2 3 4 5
YES
1 2 3 4 10
NO
YES
1
YES
1 2 3 4 7 8 9
YES
1 2 3 4
YES
9
YES
10
YES
1
YES
4
YES
1
YES
3
NO
YES
1
YES
1 2 11
NO
NO
NO
YES
2
NO
YES
5
YES
10
YES
7
NO
NO
NO
YES
1 2 4 5 11
NO
YES
1
YES
1
NO
YES
5
YES
1
YES
1
YES
1
YES
1
YES
10
YES
3
NO
YES
1
NO
YES
1 2 3 4 11
NO
NO
YES
11
YES
1 2 5 6 8
NO
YES
1 2 3 4 10
YES
1
YES
1 2 3 11
YES
1 2 3 4 5 6 7 8 9 10 11
NO
YES
5
YES
10
NO
YES
3
NO
YES
1
YES
7
NO
YES
3
NO
YES
1
NO
YES
11
NO
NO
NO
YES
1
YES
2
NO
YES
1 2 3 6
YES
1
YES
1
NO
NO
NO
YES
1 4
YES
1
NO
YES
1
NO
YES
1
YES
1
YES
1 10
YES
1
YES
1 2 3 4 5 6 7
NO
YES
1
YES
9
YES
1
NO
NO
NO
NO
YES
6
NO
YES
1
NO
YES
1
YES
1 2 3
NO
YES
1
NO
NO
YES
1
YES
1
YES
1
NO
NO
YES
5
YES
1 2 3 4 7
NO
YES
1
YES
1 2 11
NO
YES
1
NO
YES
1
NO
YES
1
NO
YES
1
YES
1
YES
1
NO
YES
10
YES
10
NO
NO
YES
11
YES
1
NO
YES
1
NO
YES
1
YES
1 2 3 4 5 6 9
NO
YES
11
YES
3
YES
1
YES
1 2
YES
5
YES
1
YES
5
YES
1
YES
1
YES
1 2 7
YES
1 2 3 4 5 6 7
NO
YES
1
NO
YES
1 2 3 4 5 6 11
YES
1
NO
YES
1
YES
7
YES
6
YES
8
YES
1 11
NO
YES
1 2 5
NO
YES
1
YES
1
NO
YES
3
YES
4
YES
8
YES
1
YES
1
NO
YES
1
YES
1
NO
YES
9
YES
3
YES
1 2 3 4 5 10
YES
1
NO
YES
1
YES
1
YES
1 2 3 4 5 6 7 9
NO
NO
YES
1
NO
NO
NO
NO
YES
1
NO
NO
NO
NO
NO
YES
9
YES
8
NO
NO
YES
1 2 3 4 5 6 9
YES
3
NO
NO
YES
5
YES
3
NO
NO
NO
YES
1 2 3 4 11
NO
NO
NO
YES
1 2 3 5
YES
1 2 3 4 5 11
YES
1
YES
9
YES
1
NO
NO
NO
NO
NO
NO
YES
1
NO
NO
YES
3
NO
NO
NO
YES
1
YES
4
YES
6
YES
1 7
YES
1
YES
1
YES
10
NO
YES
1
YES
1
NO
YES
1
NO
YES
1
YES
3
NO
YES
4
YES
3
YES
7
YES
1 2 3
YES
1
YES
1
YES
1
YES
9
NO
YES
1
YES
3
NO
YES
1
NO
YES
8
NO
NO
NO
YES
1
NO
YES
1
NO
NO
NO
YES
1
NO
NO
YES
3
NO
NO
NO
NO
YES
1 2 3 4 5 6 7
YES
1 2 3 4 7
YES
1
NO
YES
1
NO
YES
8
NO
NO
NO
NO
NO
NO
NO
NO
YES
5
YES
1
YES
1
YES
2 3 4 5
YES
5
YES
9
YES
1
NO
YES
1
YES
5
YES
1
YES
7
NO
YES
1 2 3
NO
NO
YES
1
NO
YES
1 2
YES
5
YES
1 2 3 8
YES
1 2 3 4 5
YES
1
NO
YES
1
NO
YES
1
NO
YES
1
YES
1
NO
YES
7
YES
7
YES
5
NO
YES
1
NO
NO
YES
1
YES
1 2 3 4 5 6 7 11
NO
NO
YES
3
YES
1
YES
1
YES
1
NO
YES
1
YES
3
NO
NO
YES
1
NO
YES
1
NO
YES
1
YES
1
NO
YES
9
YES
1
NO
YES
1
NO
NO
YES
1
NO
NO
YES
1 2 3 6
YES
11
NO
YES
1
NO
NO
NO
NO
YES
1
NO
YES
9
YES
7
YES
1
YES
1
NO
YES
1
YES
1
NO
YES
6
YES
1
NO
YES
1
YES
3
YES
7
YES
5
NO
NO
NO
YES
3
NO
NO
YES
1
YES
1
NO
YES
11
NO
YES
1
NO
NO
YES
1
NO
NO
NO
YES
9
NO
NO
NO
YES
1
YES
1
NO
YES
8
YES
10
NO
YES
1
NO
YES
1
NO
NO
NO
YES
1
YES
1 2 3 7
YES
1
YES
1
NO
YES
7
YES
1
YES
1
YES
1
YES
1
YES
7
YES
1 2 3 9
YES
1
YES
1
NO
NO
YES
1
NO
YES
1
YES
1 2 11
YES
1
YES
1
YES
1
NO
NO
NO
YES
1
NO
NO
YES
1
NO
YES
1 2 3 4 5 6 7 8 9 10 11
YES
1
NO
YES
9
YES
1
YES
1
YES
1 2 7
YES
5
YES
9
YES
1
YES
1
YES
1
YES
1 2 3 4 7
NO
NO
YES
3
YES
6
YES
1
YES
8
NO
NO
NO
YES
1
YES
5
NO
YES
5
YES
1
NO
NO
YES
3
NO
YES
6
NO
YES
1 2 3 4 5 6 7 9 10
YES
1 2
YES
1
YES
1
YES
1 2 3 4 10
NO
YES
1
YES
1
YES
5
YES
1 2 3 4 5
YES
1 2 3 4 5 6 7
NO
YES
1 2 3 4 5
NO
YES
1 2 3 4 5
YES
1
YES
1
YES
1
YES
1
YES
1
YES
1 2 3 4 7
NO
NO
NO
NO
YES
1
NO
YES
1
YES
1 2 3 4 5
NO
YES
1
NO
YES
3
NO
NO
YES
3
YES
1 2 5
NO
NO
YES
1
YES
1
YES
1 2 11
YES
1
NO
YES
5
NO
YES
1
YES
3
YES
1
YES
1
NO
YES
1
YES
3
YES
8
YES
1
YES
1
NO
YES
1
NO
NO
YES
7
YES
1
NO
NO
YES
1
NO
YES
5
NO
YES
5
NO
YES
5
YES
1
NO
YES
5
NO
YES
1
NO
NO
NO
NO
YES
1 2 3 4 5 8
YES
1 2 5
YES
1
NO
YES
1
YES
7
YES
3
YES
8
YES
1
NO
YES
1 2 3 4 5 6 7 8 9 10 11
YES
1 2 3 5 6 7 11
NO
YES
1 2 3 4 6
YES
1
YES
1
YES
6
NO
YES
9
NO
NO
YES
5
YES
11
YES
1 2 3 11
NO
NO
YES
3
YES
1 2 3
YES
9
YES
1
YES
1
YES
1
NO
NO
NO
NO
NO
NO
YES
1
YES
1 2 4 5 10
YES
1 2 3 4 10
YES
1
NO
YES
1
NO
NO
YES
9
NO
NO
NO
NO
YES
1
YES
1
YES
4
YES
1
NO
YES
1
YES
1
YES
1 2 3 6
NO
NO
YES
1
YES
1
YES
10
YES
1 2 10
NO
YES
1 2 3 5 11
YES
1
YES
2
YES
6
NO
YES
1
YES
1
YES
3
YES
7
YES
1
NO
YES
1
NO
YES
1
YES
1
NO
NO
NO
NO
NO
YES
1
NO
YES
4
YES
6
NO
YES
1
YES
3
NO
NO
YES
1 2 4 5 8
YES
1 2 3 4 5 6 7
NO
YES
1
YES
1
YES
3
NO
NO
YES
1
NO
NO
NO
NO
YES
1
NO
YES
1 2 3 4 7
YES
5
YES
1
YES
1
YES
3
NO
YES
1 2 3 4 5 6 9
YES
5
YES
11
YES
3
NO
YES
1
NO
YES
1 5
YES
1 2 3 4 6 7 8 9
NO
NO
YES
1 2 3 4 5 6 11
YES
6
NO
YES
1
YES
1
YES
7
NO
YES
5
YES
1
NO
YES
1
YES
1
YES
1
NO
YES
1 2 4
YES
10
NO
NO
NO
YES
1
YES
1 2 3 4 5 6 7
YES
1 2 3 6
YES
1 5
YES
1
NO
YES
1 2 3 4 5 10
NO
NO
YES
1 2 3 4 5
YES
7
YES
1
NO
NO
YES
1
NO
NO
YES
3
NO
NO
YES
9
NO
YES
1
YES
1
YES
1
NO
NO
YES
1
NO
NO
NO
YES
4
NO
YES
1
NO
NO
YES
1
NO
YES
1
YES
7
YES
1
YES
1
NO
NO
NO
YES
2
YES
1 2 3 4 7
NO
NO
NO
YES
1
YES
1
YES
1
YES
1 2 3 4 5 8
YES
1
YES
1
YES
1
NO
YES
4
YES
5
YES
1 7
YES
1
YES
1
NO
YES
2 5
NO
NO
YES
1 7
YES
1 2 3 4 5 6 7 8
NO
YES
1
YES
3
YES
6
YES
1
NO
YES
1
NO
YES
1
YES
10
YES
10
NO
YES
1
NO
YES
1 2 5
YES
1 2 3 5 6 9
YES
1 2 3 4 5 6 7 8 11
YES
4
YES
1
NO
YES
1 2 3 4 5 6 7 10
NO
NO
YES
2 3 4 5 6 9
NO
NO
NO
NO
YES
1
YES
1
YES
1
YES
1
YES
3
YES
1 2 3 9
NO
YES
1
YES
1
NO
YES
1 2 3 4 5 6 7 8 9 10 11
YES
4
YES
1
YES
1 2 3 4 6 7 8 9 10
YES
1 2 3 4 5
YES
8
YES
1
NO
YES
1 2 3 4 5 7
YES
5
NO
YES
1
YES
8
NO
YES
1
NO
YES
1
YES
1
YES
9
YES
1
YES
1
YES
5
YES
2 3 4 5 6 9
YES
1
YES
1
NO
NO
YES
9
NO
YES
1
NO
YES
1
YES
5
NO
NO
YES
9
YES
7
YES
1
NO
YES
1 7
NO
YES
1 3 4 5 6 7 8 9
NO
NO
YES
1
NO
NO
NO
YES
1 2
YES
1 2 3 11
YES
7
NO
NO
NO
NO
NO
YES
1 2 5
YES
1
YES
1
YES
1
NO
NO
YES
1
NO
YES
11
NO
YES
1
NO
YES
1
NO
NO
NO
NO
YES
1
YES
9
NO
NO
YES
1
NO
YES
1 2 3 4 5
NO
YES
1
YES
1 2 3 4 11
YES
1
NO
YES
1
YES
1
YES
2
NO
NO
YES
11
YES
1
YES
9
YES
1
NO
YES
1
NO
YES
8
YES
5
YES
4
NO
YES
1
YES
1
NO
YES
9
YES
3
YES
8
YES
1
YES
1
YES
10
NO
YES
1
NO
NO
YES
1 2 3 4 5 6 10
NO
YES
1
YES
1
YES
1 2 3 4 9
YES
9
YES
1
YES
1 2 10
NO
YES
1
NO
NO
YES
1
YES
7
NO
YES
1
YES
1
YES
7
NO
YES
3
YES
8
YES
1
YES
1
NO
NO
NO
NO
YES
1
NO
YES
3
YES
1
NO
YES
2
NO
NO
NO
YES
10
NO
YES
2 3 4 5 6 7 10
YES
1
NO
NO
NO
NO
YES
1
NO
YES
1 3 11
YES
1 2 3 4 5 6 9
NO
NO
YES
9
NO
YES
1 2 3 4 5 6 7 8 9 10 11
YES
1
NO
YES
1 2 10
YES
7
NO
YES
1
YES
7
YES
1
NO
YES
11
YES
1
YES
1 2 3 4 5 9
NO
NO
NO
YES
1
NO
YES
1 2 3 4 7
YES
10
YES
1
NO
NO
YES
1
YES
1 2 3 4 5 10
YES
1
NO
NO
YES
1
NO
YES
8
NO
YES
1
YES
3
YES
10
YES
4
NO
YES
9
NO
YES
1
YES
1
YES
1
YES
1
NO
YES
1 2 3 4 5 6 9
NO
YES
4
NO
YES
1 3 11
YES
1
YES
1
NO
NO
YES
3
YES
3
YES
1 2 5
NO
YES
1
YES
11
NO
YES
1
YES
1
YES
1
NO
NO
NO
NO
NO
NO
YES
1
YES
6
YES
1 2 3 4 5 6 11
NO
NO
NO
NO
NO
NO
YES
1
NO
YES
1
YES
4
YES
7
YES
1
YES
1
YES
8
YES
2
YES
1 2 4 11
NO
YES
1
YES
1
YES
1
NO
YES
3
NO
YES
1 2 3 4 7
YES
1
YES
1
NO
YES
1
YES
1 2 3 4 5 6 7
YES
2
NO
NO
YES
1
YES
1
NO
YES
1 11
YES
1
YES
1
YES
5
NO
YES
1
YES
9
NO
YES
1 2 3 7
YES
1
NO
YES
1
YES
3
NO
YES
1 2 10
YES
1
NO
YES
7
YES
10
NO
NO
YES
1 2 4 6 11
YES
1
NO
YES
1
YES
1
NO
YES
1 2 3 4 5 6 7
NO
YES
1
NO
YES
3
YES
1
YES
5
YES
1
YES
1
YES
10
YES
1
YES
1
NO
YES
1 2 3 4 5
YES
1
YES
6
YES
1
NO
YES
4
YES
1
YES
5
YES
1
YES
1
NO
NO
NO
YES
11
YES
1
YES
1
NO
YES
1
YES
3
YES
1
YES
1
YES
7
NO
NO
NO
YES
1
NO
YES
1
YES
1
NO
NO
YES
1
YES
7
YES
9
YES
1
NO
YES
1 2 4
NO
NO
NO
NO
NO
NO
NO
YES
1 2 4
YES
2
YES
1
NO
NO
NO
YES
5
YES
1
YES
1
YES
2 3 4 9
YES
1
YES
2
YES
1 2 3 4 5 6 7
NO
NO
NO
YES
1
NO
YES
1 2 5 9
NO
NO
NO
NO
NO
YES
9
YES
3
NO
NO
YES
1
YES
1
YES
7
YES
5
YES
1
YES
1
YES
1 5
NO
YES
3
YES
11
YES
1 2 3 4 5 6 9
YES
7
YES
2
YES
1
YES
1
YES
1
NO
YES
1
NO
NO
YES
1
YES
1
YES
1 2 6
YES
8
YES
1
YES
1
NO
YES
1 2 3
YES
1 2 3 4 5 6 7
NO
YES
1
YES
1 2 3 4 5 7 10
YES
1
YES
6
YES
1 2 3
NO
YES
8
NO
NO
YES
1
YES
1 2 8
YES
1
YES
1
YES
3
NO
YES
8
NO
NO
YES
1 2 3 4 5 6 7 8 9 10 11
YES
1 2 7
NO
YES
1
NO
NO
YES
1 2 3 4 9
NO
YES
2
YES
1
YES
1 2 3 4 5 6 11
YES
1
YES
1
NO
NO
YES
1
YES
6
YES
1
NO
YES
2
YES
1
YES
5
NO
NO
YES
5
YES
1 2 8
YES
5
YES
3
YES
3
YES
1
YES
3
YES
5
YES
1
YES
11
YES
1
NO
YES
5
YES
3
NO
YES
5
YES
3
YES
1 2 3 4 11
YES
1 2 3 4 7
NO
YES
1
YES
1
YES
10
NO
YES
1
YES
7
NO
NO
NO
YES
1
YES
1
YES
1
YES
1
NO
YES
1
NO
NO
YES
2 3
YES
3
YES
1
NO
NO
YES
1
NO
YES
1 2 8
YES
6
YES
1
YES
10
YES
1 3 4 9
YES
1
NO
NO
NO
YES
1
YES
1 2 4 6
YES
1 5
YES
1 2 3 4 5 6 10
NO
YES
1 2 3 4 9
YES
1
YES
1
NO
YES
1
YES
6
YES
9
YES
1
NO
YES
9
YES
1 2 9
YES
1
NO
YES
9
YES
6
YES
1
YES
1
NO
NO
YES
1 2 3 4 6 7 9
YES
1
NO
NO
YES
1
YES
1 2 3 4 5 6 8
NO
NO
YES
4
YES
1
YES
1
YES
1 2 11
NO
NO
NO
YES
1
YES
3
NO
NO
YES
1
YES
1
YES
5
YES
4
YES
3
YES
11
YES
1
NO
NO
YES
1
NO
YES
1 2 10
NO
YES
1
YES
1 2 3
NO
YES
1 2 7
YES
1 2 3 4 5 6 11
YES
1
YES
1 2 3 4 7
YES
1 2 3 5 10
NO
YES
1
YES
1 3 6
NO
NO
YES
1 2 5
YES
1
YES
1
YES
9
YES
1
YES
1
YES
7
NO
YES
1
YES
1 2 3 4 6 7 9
NO
YES
1
NO
NO
YES
1
YES
1
NO
YES
1
YES
1 5
NO
YES
1
NO
NO
NO
YES
10
NO
NO
YES
10
YES
1
NO
YES
5
NO
NO
NO
NO
NO
NO
NO
YES
3
NO
YES
1 8
NO
NO
NO
YES
11
YES
3
YES
11
NO
YES
9
NO
NO
NO
YES
1
YES
1
NO
YES
1 2 3 4 5 6 7 11
YES
9
YES
1
YES
3
NO
NO
YES
1
YES
1
YES
1
NO
YES
3
NO
YES
8
NO
YES
1
NO
YES
1 4
NO
YES
1
YES
1
YES
1
YES
8
YES
1
YES
5
YES
1 2 3 4 7
YES
4
NO
YES
3
YES
1 2
YES
1
NO
NO
NO
YES
1
YES
7
NO
NO
NO
YES
1
NO
YES
1
YES
1 2 3 4 11
NO
YES
1 2 10
YES
9
NO
YES
1
YES
1
YES
3
NO
NO
NO
YES
1
NO
YES
1 2 3 4 5 11
YES
10
NO
YES
1 2 4 5 6 7 8 9 10
YES
1 2 3 4 5 6 7 8 11
YES
1 2 7
NO
NO
YES
1
NO
YES
1
YES
1 2 3 4 5 6 9
NO
NO
YES
8
YES
1
NO
NO
YES
1
NO
YES
1 2 3 4 9
NO
YES
1
NO
YES
1 2 3 4 5 6 7 8 9 10
YES
3
YES
3
NO
NO
NO
YES
1
YES
1 2 3 9
NO
NO
YES
1
NO
NO
YES
9
NO
NO
YES
8
YES
1
YES
1 2 3 4 7
YES
3
NO
YES
1
YES
1
YES
5
NO
YES
1
YES
1 5
YES
1
YES
9
NO
NO
NO
YES
6
YES
9
NO
YES
3
YES
1
NO
YES
1
YES
1
NO
NO
NO
YES
1
NO
NO
NO
NO
NO
NO
NO
NO
NO
YES
1 2 3 4 5 6 7 8 9 10 11
YES
3
YES
1
NO
YES
1
YES
1 2 3 6
YES
11
NO
YES
1
NO
YES
3
NO
YES
1
NO
YES
10
YES
1
YES
8
NO
YES
1 2 3 4 5 6 11
YES
3
YES
1
YES
8
YES
5
YES
6
YES
1
YES
4
NO
NO
NO
YES
3
NO
YES
1 2 4 5 8
YES
10
YES
1 2 3 4
NO
NO
NO
NO
NO
NO
YES
1
NO
YES
1
NO
NO
YES
1
YES
1
NO
YES
1 2 3 4 5 6 9
YES
2 3 4 7
NO
NO
NO
YES
5
YES
9
NO
NO
YES
9
YES
1
YES
11
YES
1
NO
YES
1
NO
NO
YES
3
YES
1
YES
1 2 3 4
YES
1
YES
7
YES
1
YES
1 2 3 4 5 6 7
NO
YES
1
YES
11
NO
NO
YES
1
NO
NO
YES
1
YES
5
NO
NO
NO
NO
NO
YES
3
NO
YES
1
YES
1 2 3
YES
11
YES
1
NO
NO
YES
10
YES
1
YES
2 3 4 5 8
NO
YES
1
NO
YES
2 5
YES
1
NO
YES
6
YES
11
YES
3
NO
YES
1 2 3 4 5 6 7 8 9 10 11
YES
1
NO
NO
YES
1
YES
8
YES
7
NO
YES
7
YES
1
YES
1
YES
7
YES
9
YES
1
YES
1
NO
YES
1
YES
1 11
YES
8
NO
NO
NO
YES
8
YES
1 2 3 4 7
YES
1 2 3 4 5 6 9
YES
1
NO
YES
1 2 3 4 7
NO
YES
1 2 3 4 7
NO
NO
NO
YES
1
NO
YES
1
YES
1
NO
YES
10
NO
NO
YES
1
NO
NO
NO
YES
11
YES
1
NO
NO
YES
1
NO
YES
10
NO
NO
NO
NO
YES
1
NO
YES
1
YES
1
YES
1
NO
YES
1
YES
2
YES
1
YES
1
NO
YES
3
NO
YES
6
YES
6
YES
1 2 3 4 5 6 7 8 9
YES
1
YES
1
YES
1 2 3 4 5 6
YES
1
YES
1 2 7
NO
YES
1
YES
1
NO
YES
6
NO
YES
1
YES
1
YES
1 2 11
YES
9
YES
1 2 3 4 5 11
YES
1
NO
YES
10
NO
NO
YES
1 2 3 4 5 6 8 11
YES
1 2 3 7
YES
7
YES
9
YES
1
YES
1 2 3
YES
9
YES
3
YES
1
NO
NO
YES
6
YES
1
YES
7
NO
YES
4
YES
1 2 7
NO
YES
1 2 3 4 5 6 7 8 9 10 11
NO
YES
1
YES
2
YES
1 2 3
YES
1
YES
1
NO
NO
YES
5
NO
YES
4
YES
1
NO
NO
NO
NO
NO
YES
1 2 3 4 5 7 10
NO
YES
1
NO
YES
1
YES
4
YES
1
NO
YES
3
NO
NO
NO
YES
1 2 3 4 5 6 7 8 10
YES
1
YES
1 2 7
NO
YES
1
NO
NO
YES
1
YES
9
YES
1 2 3 4 6 7
YES
1
NO
NO
YES
1
YES
1
YES
1 2 10
YES
1
YES
9
YES
4
YES
7
YES
5
NO
YES
1 2 3 4 9
YES
1
NO
YES
9
YES
1
YES
1 2 6
NO
NO
YES
1 2 11
YES
7
NO
NO
YES
1
YES
1 2 4
NO
YES
1
NO
NO
YES
1
NO
NO
YES
1
NO
YES
1
YES
9
YES
1
YES
7
NO
NO
YES
5
YES
1 2 3 4 9
NO
YES
1
YES
1
YES
9
NO
YES
1 2 3 4 5 7
NO
YES
1
YES
1
NO
NO
NO
NO
YES
5
YES
1
YES
1
YES
10
YES
8
NO
NO
YES
1 2 3 4 7
YES
1
YES
1
NO
YES
1
NO
NO
YES
3
YES
1
YES
6
YES
3
NO
YES
1
NO
YES
10
YES
5
NO
NO
YES
1
NO
YES
1
YES
1
NO
YES
1
YES
1
YES
3
YES
1
YES
5
NO
NO
NO
NO
NO
YES
5
YES
1
YES
1
YES
1 2 3 4 5 6 11
YES
1
NO
YES
1
YES
1
NO
YES
1
YES
5
NO
NO
YES
1
NO
YES
1 2 3 4 5 6 7 8 9
YES
1
NO
YES
1
YES
1 2 3 4 5 6 10
YES
9
YES
1
NO
NO
YES
2
YES
9
YES
11
YES
1 2 3 4 6 11
YES
1
NO
NO
YES
7
YES
1
NO
NO
NO
YES
1
YES
11
YES
1
YES
1 2 3 4 8
NO
NO
YES
11
YES
9
YES
1
NO
YES
10
NO
YES
1
NO
YES
1 2 4 5 6 11
NO
YES
6
YES
1
YES
1
NO
YES
1
NO
YES
1
NO
NO
NO
YES
1 7
NO
YES
1
NO
NO
YES
11
NO
YES
1
NO
YES
1
NO
NO
YES
1
NO
NO
YES
7
YES
1
NO
NO
YES
2
YES
1
NO
NO
NO
YES
1
NO
YES
9
NO
YES
3
YES
1
YES
6
NO
YES
2 3 6
YES
1
YES
1
NO
NO
YES
1
YES
1
YES
1
NO
NO
YES
1
YES
1
YES
1
NO
YES
1 2 3 4 6 7 10
NO
NO
YES
1
YES
4
YES
1 2 3 5 6
NO
NO
YES
1
YES
11
YES
9
YES
7
YES
3
NO
YES
8
NO
YES
1 2 8
NO
YES
7
NO
YES
1
YES
1
NO
NO
YES
3
YES
1
YES
3
NO
YES
7
NO
NO
NO
NO
NO
YES
3
NO
YES
3
YES
5
NO
YES
1
YES
1
YES
11
YES
1 2
YES
1
NO
YES
1
NO
YES
10
YES
1 2
NO
NO
YES
1
YES
1
YES
1 2 3 4 11
NO
YES
1
YES
1
YES
8
NO
NO
NO
NO
NO
YES
1
YES
5
NO
YES
1
YES
1 2 3 4 5 6 9
YES
1
YES
2 3 4 5 6
NO
NO
YES
11
YES
5
YES
7
YES
1
NO
YES
1
YES
3
YES
10
YES
1
NO
YES
1 2 3 4 10
YES
6
YES
1 11
NO
NO
YES
1 2 9
YES
1
YES
3
YES
1 2 3 4 5
YES
1
NO
NO
NO
YES
4
NO
YES
1
YES
1 3 6
YES
1
NO
YES
1
NO
NO
YES
1
YES
1
YES
3
YES
3
YES
1
YES
1 2 3 4 5 7 10
NO
YES
3
YES
1
YES
8
NO
YES
1 2 3 4 5 6 7 8 9 10 11
NO
YES
7
NO
YES
1 11
YES
3
NO
YES
1
YES
1
NO
NO
YES
11
YES
1
YES
5
NO
YES
4
NO
YES
1
YES
1
YES
1
YES
1
YES
2 3 11
YES
1
YES
1
YES
1 2 3 4 5 6 7
YES
1
YES
1 2 3 4 5 6 11
YES
8
YES
1 2 3 4 5 6 7 8 9 10 11
NO
YES
1
NO
YES
7
YES
11
YES
1
YES
1 8
YES
1 2 3 4
NO
YES
1 2 3 4 5
NO
NO
NO
YES
5
YES
1 2 3 4 5 6 10
YES
1
YES
1
NO
YES
1
YES
1
NO
NO
YES
1
YES
6
YES
1
NO
YES
3
YES
1 2
NO
NO
NO
NO
NO
YES
1 9
YES
9
NO
YES
10
NO
YES
1
NO
NO
NO
YES
1
NO
NO
YES
9
NO
YES
8
YES
1
NO
YES
1
YES
8
NO
YES
1
NO
NO
YES
1 2 3 4 5 6 7 8 11
NO
YES
1
NO
NO
NO
NO
YES
7
YES
1
NO
YES
2 3 4 5 6 11
YES
5
NO
YES
5
NO
NO
NO
YES
1
YES
1 2 3 6
YES
1
YES
1 2 4 5
NO
YES
1
YES
1
YES
5
YES
1
NO
NO
YES
1
YES
7
YES
1
YES
1
YES
1
NO
YES
2 3 4 5 6 7 10
YES
1
NO
NO
YES
1
NO
YES
5
NO
YES
3
YES
9
YES
1 2 3
YES
1
YES
7
YES
1
YES
1
YES
3
YES
7
YES
1
NO
NO
NO
YES
1 2 9
YES
1 2 3 4 5 6 8 9 10 11
NO
NO
YES
1
YES
1 2 3 9
NO
NO
YES
6
NO
NO
YES
3
NO
NO
YES
1
YES
1 2 4 5 6
YES
1
YES
1
YES
4
YES
1 2
YES
3
NO
NO
YES
7
YES
1
NO
YES
1
YES
1
NO
YES
1
YES
6
YES
1
NO
NO
YES
1
YES
1
NO
NO
YES
1
NO
YES
1
YES
1
NO
NO
NO
YES
7
YES
9
NO
NO
YES
1
NO
YES
6
NO
NO
YES
1
YES
1
YES
1
NO
YES
1
YES
4
YES
1
NO
NO
YES
8
YES
1
NO
YES
1
YES
1
NO
NO
NO
YES
1 2 3 4 5 6 7 8
NO
YES
1
YES
9
YES
2 3 4 5 6 7
YES
1 2 3
YES
1
YES
1
YES
1
NO
NO
YES
1 2 3 4 5 6 7
NO
YES
1
YES
11
YES
1
NO
NO
YES
1
NO
YES
1
NO
YES
1
NO
NO
NO
YES
6
NO
YES
1
YES
1
NO
NO
YES
7
NO
NO
YES
1
YES
1 11
YES
1
YES
1
YES
1
NO
NO
NO
NO
NO
YES
1 2 5
NO
YES
3
YES
1
YES
10
YES
8
NO
YES
1
YES
1
NO
YES
9
YES
5
NO
YES
1
NO
YES
2
YES
1
YES
1
YES
1
YES
3
YES
1
YES
1
YES
5
NO
NO
YES
1
YES
9
YES
1 3 4 5 6 7
YES
1
YES
1
YES
1 2 3 4 5
YES
1
YES
1
YES
1 3 4 5 8
YES
1
YES
1
YES
1
NO
NO
NO
YES
5
NO
YES
11
YES
5
YES
1
YES
1
YES
1 2 5
NO
YES
1
NO
YES
1
NO
NO
NO
YES
1
NO
YES
8
NO
NO
NO
YES
1
NO
NO
NO
YES
1
YES
10
NO
YES
1
YES
1
YES
1
YES
1
YES
1
NO
NO
YES
8
YES
1
YES
1 2 3 4 5 6 7 8 9
YES
1
YES
1
NO
NO
YES
1
NO
NO
YES
7
NO
YES
7
YES
1
YES
1
YES
1 2 3 4 5 6 7 8 9
NO
YES
8
YES
1
NO
YES
11
NO
YES
6
YES
1 2 3 5 9
YES
1
YES
1
YES
1
YES
1
NO
YES
1
YES
7
YES
11
NO
YES
3
YES
1
NO
NO
NO
NO
YES
1
YES
1
YES
8
NO
YES
8
NO
YES
1
YES
1 2 3 4 7
YES
1
YES
1
NO
NO
YES
1 3
NO
YES
7
NO
YES
1
NO
YES
1
YES
1
NO
NO
YES
3
YES
1
YES
1
NO
NO
YES
3
NO
YES
1
YES
1
YES
1
YES
10
YES
9
YES
1
YES
1 2 3 5 6 7 10
YES
1
NO
YES
7
YES
1
YES
1
NO
YES
1
NO
NO
YES
1
YES
1
NO
NO
NO
YES
9
YES
1
YES
1 2 3
NO
YES
7
YES
1 2 3 4 5 6 7 8 9 10 11
YES
5
NO
YES
1
YES
1
YES
1 2 3 4 11
YES
5
NO
YES
1
YES
1
NO
YES
1
NO
YES
1
YES
1
YES
1
NO
NO
YES
1
YES
1
NO
NO
YES
1
YES
3
YES
10
NO
YES
8
YES
8
YES
6
YES
7
NO
NO
YES
1
NO
YES
9
NO
YES
3
NO
NO
NO
YES
7
NO
YES
1 2 3
YES
8
YES
1 2 3 11
NO
YES
1 2 4 11
YES
1
YES
1
YES
1 2 3 4 5
YES
4
YES
1
YES
1
YES
1 2 3 6
YES
1
NO
NO
YES
2
YES
5
NO
NO
YES
1 2 3 4 5 6 9
NO
YES
3
YES
1 2 3 4 5 6 9
NO
NO
NO
YES
1
YES
1 2 3 4 5 6 11
NO
YES
1
YES
1
YES
1
YES
3
YES
2 3 11
YES
1 2 3 11
YES
3
NO
YES
11
YES
1
NO
YES
1 2 4 11
YES
1
YES
1
NO
YES
1
YES
1
NO
YES
3
NO
NO
YES
1
YES
3
NO
YES
6
NO
NO
NO
YES
1
YES
1
NO
YES
1
YES
1
YES
1 2 3 4 5 6 7 8 11
NO
YES
1
YES
6
YES
1
YES
3
YES
10
NO
YES
1
NO
YES
1
YES
5
YES
1 2 7
YES
10
NO
YES
5
YES
1
NO
YES
1 2 3 5 6 7 8 9 10 11
YES
3
YES
1
NO
YES
1
NO
NO
YES
1
NO
NO
YES
3
NO
NO
NO
YES
1
YES
3
YES
1 2 3 4 5 6 7 8 11
YES
1
NO
YES
3
YES
1
YES
1
NO
NO
NO
NO
NO
NO
NO
NO
YES
1
YES
1
YES
1 2 3 4 8
YES
1
NO
YES
1
YES
9
NO
YES
1 5
YES
1 7
YES
1
YES
1
YES
1 2 3 4 5 6 7 8 9 10 11
YES
1 2 3 4 6 7
YES
3
NO
NO
YES
1
YES
1 2 3
YES
5
YES
1 2 5
NO
YES
9
NO
NO
YES
1
YES
1 2 3 5 6
YES
1 2 3
NO
YES
1 2 3 4 5 6 7 8 9
YES
1
NO
YES
1
YES
10
YES
3
YES
10
NO
NO
YES
1
NO
YES
3
NO
NO
NO
NO
YES
1
YES
1 2 3 4 5
NO
YES
5
YES
1
YES
8
NO
YES
3
YES
3
NO
YES
1 2 3 5 7 8 9
NO
YES
3
YES
11
YES
1
NO
YES
1
NO
NO
YES
1
NO
NO
YES
1 2 3 4 5 6 7 9
YES
1
NO
NO
YES
5
NO
NO
YES
4
NO
NO
YES
1 2 5
NO
NO
YES
1
YES
1
NO
YES
8
NO
NO
YES
1
YES
8
NO
NO
NO
NO
YES
1
YES
1
YES
3
YES
1
NO
YES
1
NO
NO
NO
NO
YES
10
NO
YES
1
NO
NO
YES
1
NO
YES
8
NO
YES
3
YES
4
YES
1 2 3 4 7
NO
NO
YES
1
YES
11
YES
1
YES
1
YES
1
NO
YES
1
YES
1 2 3 4 10
YES
1
NO
NO
NO
NO
YES
9
YES
1
YES
8
YES
1 2 3
YES
1 2 3 4 6 7 10
YES
1 2 3 4 5 6 11
YES
9
YES
5
YES
1 2 3 4 6 7
YES
1 2 3 4 5 6 9
NO
YES
9
YES
5
NO
NO
YES
3
NO
YES
5
YES
1
NO
NO
YES
1
YES
1 2 3
YES
1
NO
YES
1
YES
2
NO
NO
YES
7
YES
1
YES
1
YES
1
YES
1 2 4 5 7 8 9
YES
5
YES
8
YES
1
NO
YES
1
YES
1 3 4 5 6 7 8 9 10
YES
1
YES
1
YES
1
YES
3
NO
YES
1
YES
1
NO
YES
1
NO
YES
10
YES
1
YES
7
NO
YES
9
YES
1
YES
1
YES
1
NO
YES
9
YES
2 3 4 5 6 7 8 9 10 11
YES
1
NO
YES
3
NO
NO
NO
YES
1
YES
1
YES
3
YES
1
YES
1
YES
2 3 7
YES
3
YES
10
YES
1
NO
YES
1
YES
1
YES
5
NO
YES
1
NO
NO
YES
1 3 4 5 6
YES
5
NO
YES
1
YES
1 2 3 4 5
NO
NO
YES
1
YES
1
NO
YES
1
NO
YES
4
YES
3
YES
1
NO
NO
YES
5
YES
1
NO
NO
YES
7
YES
3
NO
YES
5
NO
NO
NO
YES
10
YES
1
YES
1
NO
YES
1
YES
1
YES
1
YES
1
NO
NO
YES
1 4
YES
1
NO
YES
1
NO
YES
1
NO
YES
1
YES
1
YES
1 2 7
NO
YES
1 2 3 4 7
NO
YES
1
YES
8
YES
1
YES
1
NO
YES
1
NO
YES
1
YES
1 3 4 5 6 7 10
YES
1
NO
NO
NO
YES
1 2 7
NO
YES
1
NO
NO
YES
5
YES
1 2 7
YES
1
NO
NO
NO
YES
1
YES
4
NO
YES
1
NO
NO
NO
NO
NO
NO
YES
1
NO
YES
1
YES
1 2 3 4 5 6 8 11
YES
3
NO
YES
1 3 4 5
NO
YES
1 2 11
YES
1
YES
1
YES
1
NO
YES
1 2 4 5 6 7 10
YES
7
YES
7
YES
1
NO
NO
YES
1
YES
7
YES
1
NO
NO
YES
1
NO
NO
NO
YES
1 2 3 9
YES
1 2 3 5 6 7
NO
YES
1
NO
YES
1
YES
3
NO
NO
YES
1
YES
8
NO
YES
3
YES
8
YES
7
YES
11
NO
YES
1
YES
1
NO
YES
10
NO
YES
6
NO
NO
NO
NO
YES
5
NO
NO
NO
NO
NO
NO
YES
1
YES
5
YES
1
YES
1
NO
YES
1
YES
1
YES
1
YES
1
YES
1
NO
NO
NO
YES
1
NO
YES
3
NO
YES
1 2 3 4 5 6 7
YES
1 2 3 4 5 6 7
NO
NO
NO
YES
3
NO
NO
YES
1
YES
1
YES
5
NO
YES
1 7
NO
YES
2 3 4 5 8
NO
YES
1
NO
NO
NO
NO
YES
2 3 8
YES
6
YES
5
YES
1
NO
YES
4
YES
1 2 11
NO
YES
10
YES
1
YES
9
YES
10
YES
1
NO
YES
8
YES
1
NO
NO
YES
1
NO
YES
1
YES
1
NO
NO
YES
5
NO
YES
8
NO
YES
1 2 3 4 5 6 11
YES
6
YES
1
NO
YES
1
YES
1
YES
1
YES
11
NO
YES
1 2 3 4 5 6 7 8 9
NO
NO
NO
YES
1
YES
7
YES
3
NO
NO
YES
1
NO
NO
NO
YES
1
NO
YES
10
YES
1
YES
9
NO
NO
YES
1
NO
YES
1
YES
1 2 7
YES
1
YES
7
YES
1
YES
1
YES
1
YES
8
YES
1
NO
YES
1 2 7
NO
YES
10
YES
9
YES
6
NO
NO
YES
1
NO
NO
YES
1
YES
1
YES
1 2 5
YES
1
YES
3
NO
YES
8
YES
5
NO
NO
YES
1 2
YES
1
YES
1
NO
NO
NO
NO
YES
1
YES
1
NO
YES
1
YES
1 2 3 4 5 6 7 8 9
YES
8
NO
YES
7
NO
YES
1
YES
1 2 3 4 5 6 8 9 10 11
NO
YES
1 2 5
YES
1
NO
YES
1
YES
3
NO
NO
NO
YES
1
NO
NO
YES
1
NO
NO
YES
1
NO
NO
YES
7
NO
NO
YES
1
YES
6
NO
YES
1
NO
NO
YES
1
YES
1
YES
1
NO
YES
3
NO
YES
1
YES
1
YES
7
YES
2 3 4
NO
YES
1
NO
NO
NO
NO
YES
2
YES
11
YES
1
NO
NO
YES
5
NO
YES
1 2 3 4 5 6 7 8 11
YES
1
NO
NO
YES
1
YES
3
YES
1
YES
1
YES
1
YES
1
NO
NO
YES
1
YES
1
YES
8
YES
1 2 3 4 5 6 7
NO
YES
7
NO
NO
YES
5
YES
1
NO
YES
1
YES
1
YES
1 2 3 5 8
YES
1
YES
1
YES
1
YES
1 2 3
YES
2 3 4 5 6 7
YES
10
YES
1
YES
10
YES
1
YES
1
YES
4
NO
NO
NO
NO
YES
1
NO
NO
YES
6
NO
YES
1
YES
1 2 3 4 5 6 11
YES
2
NO
YES
1
NO
YES
1
YES
1
YES
3
YES
1
YES
1
NO
YES
1
YES
9
YES
1
YES
1 2
YES
1
YES
3
YES
7
YES
3
YES
1 2 3 4 11
YES
10
YES
1
YES
4
NO
YES
1
NO
YES
3
NO
YES
1 2 3 4 5 6 7
NO
NO
YES
1
YES
11
YES
1 2 3 4 6
YES
1 2 7
NO
YES
4
NO
NO
YES
1
YES
5
NO
YES
1 2
YES
1 2 3 4 5 6 7 8 9
NO
YES
3
YES
1
NO
NO
YES
1 2 3 4 5
YES
1
YES
1
YES
7
YES
1
YES
10
NO
NO
YES
1 2 5
NO
YES
1 2 3 4 5 6 7
NO
NO
NO
YES
1 2 3 4 5 8
NO
NO
NO
YES
1
YES
1
YES
1
NO
YES
1 2 3 4 5 8
NO
YES
10
NO
YES
1
YES
1
YES
5
YES
1 2 3 5 6
YES
1
YES
1
YES
1
YES
5
NO
YES
1
YES
11
NO
YES
1
NO
YES
1 2 3 4 5 6 7 8 9 11
YES
1 2 7
YES
3
YES
4
YES
1 2
NO
YES
4
NO
YES
7
NO
YES
8
YES
1
YES
7
NO
YES
5
YES
3
YES
1
YES
7
NO
NO
YES
1
YES
1
YES
3
NO
YES
3
YES
1
NO
YES
1
NO
YES
7
YES
7
NO
YES
5
YES
2
YES
3
NO
NO
NO
NO
NO
YES
8
NO
NO
YES
5
YES
2
YES
3
YES
1
NO
YES
1
NO
YES
2
YES
3
YES
1 2 3 4 11
NO
YES
11
YES
1 2 3 4 5 6 9
YES
1 2 3 5 6 7
YES
1
YES
1
YES
3
NO
NO
YES
1
YES
1 2 3 4 7
NO
NO
NO
YES
1
NO
YES
4
YES
1
NO
YES
1
NO
YES
10
YES
1 2 4 5 6 7 8 9 10
YES
9
YES
5
YES
1
YES
3
YES
1 2 3
NO
YES
1 11
NO
YES
1
NO
NO
NO
YES
1
YES
1 2 3 4 7
NO
NO
NO
NO
YES
1
NO
NO
NO
YES
1 2 7
YES
1
YES
9
YES
1 2 3 4 5 6 9
YES
1 2 3 10
YES
3
YES
5
YES
4
NO
NO
NO
YES
1
NO
YES
1
YES
3
YES
6
YES
1
NO
NO
NO
NO
YES
5
YES
1
YES
1
YES
1
YES
3
NO
YES
1
YES
1 2 3 4 5 8
YES
1
NO
YES
1 2 3 4 5 6 9
YES
1 2 3 6
NO
YES
9
YES
7
YES
11
YES
3
YES
1
NO
YES
2
YES
1 2 3 6
YES
2
YES
1
YES
1
NO
YES
9
YES
11
NO
YES
1
YES
8
YES
1
YES
5
NO
NO
YES
1
YES
4
YES
1
NO
NO
YES
1
NO
YES
1
YES
1 2 11
YES
8
YES
1
YES
10
YES
1
NO
NO
YES
4
NO
YES
2
NO
YES
1
YES
1
YES
1
YES
3
YES
1 2 3 4 5 6 7 8 9
YES
9
YES
7
YES
1
YES
1
NO
YES
1 2 3 4 10
YES
1 2 8
NO
NO
YES
7
NO
YES
1
NO
NO
YES
1 2 7
YES
3
NO
NO
NO
YES
10
YES
1
YES
1
YES
1
NO
YES
1
YES
1
YES
3
YES
1
YES
1 2 3 9
NO
YES
1
YES
5
YES
1
NO
YES
5
YES
1 2 3 7
YES
1
NO
YES
1
NO
NO
NO
YES
1
NO
NO
NO
YES
4
NO
YES
10
NO
NO
YES
9
YES
1 4
YES
3
NO
YES
1
NO
NO
YES
1
NO
YES
1
YES
1
YES
1
YES
1
YES
10
YES
9
YES
9
NO
YES
1
YES
1 2 3 4 5 6 7
NO
YES
1
NO
YES
2 4 6 7
NO
YES
1 3
YES
1
YES
1
NO
NO
YES
1
NO
NO
YES
1
NO
YES
3
YES
1
YES
3
YES
1 7
YES
9
NO
NO
NO
YES
1
NO
YES
3
YES
10
NO
NO
NO
NO
NO
NO
YES
1
NO
YES
1 2 4 5 8
YES
1
YES
1
YES
1 2 4 5 8
YES
9
YES
10
YES
1 2 3 4 11
YES
1 7
NO
YES
1
YES
1
NO
YES
1
YES
1 2
NO
YES
1 2 4
YES
1
YES
1
YES
1
YES
1 2 3 4 5 6 9
YES
1 2 3 4 5
YES
1 2 11
YES
8
YES
4
YES
1 2
YES
8
YES
1
NO
NO
YES
1 2 3 4 5 6 7 8 9 10
YES
1
YES
9
NO
NO
YES
6
NO
NO
YES
1 2 4 5 6 7 8 9 10
YES
1
NO
YES
1
YES
1 2 4 5 6 10
YES
1
NO
NO
NO
NO
NO
NO
YES
1
YES
1
NO
NO
YES
1 2 3 4 5 6 9
YES
1 2 3 6
NO
NO
YES
1
NO
NO
YES
1 2 3 11
YES
8
YES
1 2 3 4 8
YES
1
YES
1
NO
YES
1
YES
6
YES
1
YES
1 2 3 4 5 10
NO
NO
NO
YES
1
NO
YES
3
NO
YES
1
YES
5
YES
1
NO
YES
1 2
YES
1
YES
1
YES
3
YES
3
YES
1
YES
5
YES
11
NO
YES
1
NO
YES
1 2 3 4 11
NO
YES
1
YES
1
NO
NO
NO
YES
5
YES
1
YES
1
YES
1
YES
1
YES
8
YES
1
YES
1
YES
10
YES
5
YES
3
YES
1
YES
3
YES
1
YES
1
YES
3
NO
YES
1
NO
YES
3
NO
YES
1
YES
11
YES
3
YES
11
NO
YES
1
NO
YES
1
YES
5
NO
YES
1
NO
NO
NO
NO
NO
YES
3
YES
1
YES
1
YES
1 2 4 5 6 7
YES
1
YES
3
NO
YES
10
YES
9
YES
10
YES
6
NO
NO
YES
1
YES
1
YES
1
NO
NO
NO
YES
3
NO
YES
5
NO
YES
1 2 3 4 7
NO
YES
10
NO
NO
NO
YES
1
NO
YES
1
NO
NO
NO
YES
1
YES
1
NO
NO
NO
YES
9
NO
YES
7
YES
1 2 3 4 7
YES
1
NO
YES
1 2 3 4 5 6 9
YES
7
YES
11
NO
YES
1
YES
5
NO
NO
NO
NO
YES
1
NO
NO
YES
1
YES
1 2 3 6
NO
YES
1
NO
NO
YES
5
YES
7
NO
YES
2
NO
NO
YES
1
NO
YES
1
YES
1
YES
11
NO
YES
1
NO
NO
YES
1
NO
YES
1 2 5
YES
1 2 3 5 6 7 8
YES
1
YES
1
NO
YES
1
YES
1
NO
YES
1
YES
1
YES
1
NO
YES
1 11
YES
3
NO
YES
1 2 3
NO
NO
NO
YES
5
YES
1
YES
8
YES
6
YES
1
NO
YES
3
NO
YES
3
YES
1 2 6
YES
11
YES
1
YES
5
NO
NO
YES
1 2 3 4 5 6 11
YES
1
YES
6
NO
NO
NO
YES
5
YES
1
NO
YES
7
YES
2
YES
1
YES
5
YES
9
NO
NO
YES
1
NO
NO
YES
1
YES
5
NO
NO
NO
NO
NO
YES
1 2 3 4 5
NO
YES
1
NO
YES
8
NO
YES
1
YES
1
YES
1
NO
YES
1
YES
1
YES
1
YES
1 2 3 6
NO
YES
1 2 4
NO
YES
1
YES
1
NO
YES
1 2 3 4 5 6 7 8
NO
NO
YES
3
NO
NO
YES
1
NO
YES
6
YES
1
YES
7
NO
YES
8
YES
5
YES
1
NO
YES
1
YES
9
NO
YES
1
NO
NO
YES
1
YES
1
NO
YES
1
NO
NO
YES
9
YES
1
YES
3
NO
YES
1
NO
YES
1
NO
YES
4
NO
NO
YES
1
NO
NO
NO
NO
YES
1
YES
1 2 3 4 5 6 7 10
YES
11
YES
1
YES
1 2 3 4 5 6 7
YES
7
YES
1
NO
YES
1 2 3 4 5 6 7
YES
1
YES
8
NO
YES
9
NO
NO
YES
1
NO
YES
1
YES
1
YES
1 2 9
YES
1
YES
1
NO
NO
YES
9
YES
1
NO
NO
YES
1
YES
1
NO
NO
NO
NO
NO
YES
1 2
YES
1
YES
1
NO
YES
8
YES
1
YES
1
YES
1
NO
YES
1
NO
YES
8
NO
YES
1
YES
1
YES
3
YES
1 5
YES
1 2
NO
YES
2
YES
1 2 11
YES
7
YES
1 2 3 4 5
YES
1
YES
1
NO
YES
9
YES
5
YES
1 2 3 4 6 7 8
YES
10
NO
YES
1 2 3 4 5
YES
3 7
YES
3
NO
NO
NO
NO
NO
YES
1
NO
YES
10
NO
YES
1
YES
1
YES
4
YES
1 2 3 4 5 6 7
NO
YES
3
NO
YES
5
NO
YES
5
YES
1 2 4 5 6 7 9
YES
1
YES
1 2 4 5 6 7 8 11
YES
1
YES
1
YES
1
NO
YES
1
YES
1
NO
NO
YES
1
YES
1
YES
1
YES
1 2 3 9
NO
YES
3
YES
1
YES
1
YES
1 2 3 4 5 6 9
YES
1
YES
1 2 3 4 5 6 7 8 9
NO
YES
1
NO
YES
9
YES
1
NO
NO
YES
11
NO
YES
1
YES
1 2 3 4 8
YES
3
YES
1 2 3 4 5 7 10
NO
NO
NO
YES
3
YES
3
NO
YES
9
YES
4
YES
1
YES
2
YES
3
YES
10
YES
7
YES
6
YES
5
YES
1
NO
YES
1
NO
YES
1
YES
1 2 3 4 5 6 8 9 10 11
YES
10
NO
YES
1 2 4 9
NO
YES
1
YES
3
YES
11
NO
NO
YES
1
YES
5
NO
YES
7
YES
1 2 5
NO
YES
7
YES
1
YES
1
NO
YES
1 2 3 7
NO
NO
YES
1
YES
3
NO
NO
NO
NO
YES
1
YES
1 2 8
YES
1 5
YES
1
NO
YES
10
YES
1
YES
1
YES
1 2 3 4 5 6 9
NO
YES
1 2 3 4 5 10
YES
1
YES
1
YES
9
NO
YES
5
YES
7
YES
1
YES
1
NO
YES
10
YES
1 2 3 9
YES
3
NO
YES
3
NO
YES
8
NO
NO
YES
1
NO
YES
1 3 4 7
YES
6
YES
1
YES
1
NO
NO
YES
1
NO
YES
5
NO
YES
1
YES
1
YES
7
NO
YES
1
NO
YES
1
NO
NO
NO
YES
6
YES
1 2 3 4 7
YES
1
NO
NO
NO
YES
1 3 4 5
YES
1
NO
NO
YES
1 2 3 5 6 7 8 9 10
NO
NO
NO
NO
NO
YES
11
YES
1
NO
NO
YES
1 2 3 4
YES
1 2 3 9
YES
6
YES
1 2 3
NO
NO
NO
YES
1 2 3
YES
1
YES
1
YES
1
YES
8
YES
1
YES
2
NO
YES
1 2 4 5 10
YES
1
YES
1 2 5
NO
YES
1
NO
NO
YES
1
YES
9
YES
8
YES
9
NO
NO
NO
YES
9
YES
1
YES
1
