864
48
768
192
16
32
24
192
384
16
896
96
1536
64
640
192
1152
1536
96
1024
32
16
4
448
64
480
768
64
72
960
768
128
480
16
1728
16
192
384
48
32
8
48
32
384
1920
96
512
64
40
48
64
32
192
1152
512
24
64
144
320
576
128
32
480
64
32
384
72
32
48
16
192
192
512
16
96
48
144
320
8
64
64
288
48
576
12
