45 64090
35037 29053 
6083 58007 
16223 47867 
60255 3835 
2400 61690 
51017 13073 
60538 3552 
24414 39676 
2254 61836 
55745 8345 
14858 49232 
45706 18384 
34475 29615 
38725 25365 
53385 10705 
58198 5892 
12200 51890 
34763 29327 
25610 38480 
7846 56244 
36496 27594 
8294 55796 
46631 17459 
59946 4144 
36459 27631 
42625 21465 
33097 30993 
36778 27312 
1678 62412 
16676 47414 
33398 30692 
27329 36761 
51790 12300 
34835 29255 
48640 15450 
23546 40544 
4158 59932 
38564 25526 
11076 53014 
3814 60276 
30397 33693 
4617 59473 
43318 20772 
1812 62278 
31000 33090 
