5
5
7
5
3
3
1
4
3
5
4
4
5
0
2
3
4
2
7
3
2
4
5
3
2
1
3
3

