A 3
B 5
D 9
E 4
F 7
G 4
H 8
I 3
J 7
K 3
M 1
N 4
P 1
Q 3
R 7
S 4
U 4
V 6
W 3
Y 2