111
83
19
126
2
78
23
83
39
13
153
81
76
87
28
68
89
148
38
145
118
102
18
2
42
90
61
9
140
64
1
154
105
1
130
117
145
64
109
114
131
124
42
88
115
140
135
74
150
121
39
64
15
86
9
12
3
131
115
39
40
13
132
113
59
112
35
13
22
120
154
13
26
11
90
81
160
153
90
123
1
58
140
47
14
137
110
2
95
74
119
63
29
88
10
30
31
19
3
100
6
110
1
69
33
28
14
14
